sourcedrecall v7_D01 answered
sourcedrecall v7_D02 answered
sourcedrecall v7_D03 answered
sourcedrecall v7_D04 answered
sourcedrecall v7_D05 answered
sourcedrecall v7_D06 answered
sourcedrecall v7_D07 answered
sourcedrecall v7_D08 answered
sourcedrecall v7_D09 answered
sourcedrecall v7_D10 answered
sourcedrecall v7_D11 answered
sourcedrecall v7_D12 answered
sourcedrecall v7_D13 answered
sourcedrecall v7_D14 answered
sourcedrecall v7_D15 answered
sourcedrecall v7_D16 answered
sourcedrecall v7_D17 answered
sourcedrecall v7_D18 answered
sourcedrecall v7_D19 answered
sourcedrecall v7_D20 answered
sourcedrecall v7_D21 answered
sourcedrecall v7_D22 answered
sourcedrecall v7_D23 answered
sourcedrecall v7_D24 answered
sourcedrecall v7_D25 answered
sourcedrecall v7_D26 answered
sourcedrecall v7_D27 answered
sourcedrecall v7_D28 answered
sourcedrecall v7_D29 answered
sourcedrecall v7_D30 answered
sourcedrecall v7_D31 answered
sourcedrecall v7_D32 answered
sourcedrecall v7_D33 answered
sourcedrecall v7_D34 answered
sourcedrecall v7_D35 answered
sourcedrecall v7_D36 answered
sourcedrecall v7_D37 answered
sourcedrecall v7_D38 answered
sourcedrecall v7_D39 answered
sourcedrecall v7_D40 answered
sourcedrecall v7_D41 answered
sourcedrecall v7_D42 answered
sourcedrecall v7_D43 answered
sourcedrecall v7_D44 answered
sourcedrecall v7_D45 answered
sourcedrecall v7_D46 answered
sourcedrecall v7_D47 answered
sourcedrecall v7_D48 answered
sourcedrecall v7_D49 answered
sourcedrecall v7_D50 answered
sourcedrecall v7_F01 answered
sourcedrecall v7_F02 answered
sourcedrecall v7_F03 answered
sourcedrecall v7_F04 answered
sourcedrecall v7_F05 answered
sourcedrecall v7_F06 answered
sourcedrecall v7_F07 answered
sourcedrecall v7_F08 answered
sourcedrecall v7_F09 answered
sourcedrecall v7_F10 answered
sourcedrecall v7_F11 answered
sourcedrecall v7_F12 answered
sourcedrecall v7_F13 answered
sourcedrecall v7_F14 answered
sourcedrecall v7_F15 answered
sourcedrecall v7_F16 answered
sourcedrecall v7_F17 answered
sourcedrecall v7_F18 answered
sourcedrecall v7_F19 answered
sourcedrecall v7_F20 answered
sourcedrecall v7_F21 answered
sourcedrecall v7_F22 answered
sourcedrecall v7_F23 answered
sourcedrecall v7_F24 answered
sourcedrecall v7_F25 answered
sourcedrecall v7_F26 answered
sourcedrecall v7_F27 answered
sourcedrecall v7_F28 answered
sourcedrecall v7_F29 answered
sourcedrecall v7_F30 answered
sourcedrecall v7_A01 answered
sourcedrecall v7_A02 answered
sourcedrecall v7_A03 answered
sourcedrecall v7_A04 answered
sourcedrecall v7_A05 answered
sourcedrecall v7_A06 answered
sourcedrecall v7_A07 answered
sourcedrecall v7_A08 answered
sourcedrecall v7_A09 answered
sourcedrecall v7_A10 answered
sourcedrecall v7_A11 answered
sourcedrecall v7_A12 answered
sourcedrecall v7_A13 answered
sourcedrecall v7_A14 answered
sourcedrecall v7_A15 answered
sourcedrecall v7_A16 answered
sourcedrecall v7_A17 answered
sourcedrecall v7_A18 answered
sourcedrecall v7_A19 answered
sourcedrecall v7_A20 answered
sourcedrecall v7_B01 answered
sourcedrecall v7_B02 answered
sourcedrecall v7_B03 answered
sourcedrecall v7_B04 answered
sourcedrecall v7_B05 answered
sourcedrecall v7_B06 answered
sourcedrecall v7_B07 answered
sourcedrecall v7_B08 answered
sourcedrecall v7_B09 answered
sourcedrecall v7_B10 answered
sourcedrecall v7_B11 answered
sourcedrecall v7_B12 answered
sourcedrecall v7_B13 answered
sourcedrecall v7_B14 answered
sourcedrecall v7_B15 answered
sourcedrecall v7_B16 answered
sourcedrecall v7_B17 answered
sourcedrecall v7_B18 answered
sourcedrecall v7_B19 answered
sourcedrecall v7_B20 answered
sourcedrecall v7_X01 answered
sourcedrecall v7_X02 answered
sourcedrecall v7_X03 answered
sourcedrecall v7_X04 answered
sourcedrecall v7_X05 answered
sourcedrecall v7_X06 answered
sourcedrecall v7_X07 answered
sourcedrecall v7_X08 answered
sourcedrecall v7_X09 answered
sourcedrecall v7_X10 answered
sourcedrecall v7_X11 answered
sourcedrecall v7_X12 answered
sourcedrecall v7_X13 answered
sourcedrecall v7_X14 answered
sourcedrecall v7_X15 answered
sourcedrecall v7_X16 answered
sourcedrecall v7_X17 answered
sourcedrecall v7_X18 answered
sourcedrecall v7_X19 answered
sourcedrecall v7_X20 answered
rag v7_D01 answered
rag v7_D02 answered
rag v7_D03 answered
rag v7_D04 answered
rag v7_D05 answered
rag v7_D06 answered
rag v7_D07 answered
rag v7_D08 answered
rag v7_D09 answered
rag v7_D10 answered
rag v7_D11 answered
rag v7_D12 answered
rag v7_D13 answered
rag v7_D14 answered
rag v7_D15 answered
rag v7_D16 answered
rag v7_D17 answered
rag v7_D18 answered
rag v7_D19 answered
rag v7_D20 answered
rag v7_D21 answered
rag v7_D22 answered
rag v7_D23 answered
rag v7_D24 answered
rag v7_D25 answered
rag v7_D26 answered
rag v7_D27 answered
rag v7_D28 answered
rag v7_D29 answered
rag v7_D30 answered
rag v7_D31 answered
rag v7_D32 answered
rag v7_D33 answered
rag v7_D34 answered
rag v7_D35 answered
rag v7_D36 answered
rag v7_D37 answered
rag v7_D38 answered
rag v7_D39 answered
rag v7_D40 answered
rag v7_D41 answered
rag v7_D42 answered
rag v7_D43 answered
rag v7_D44 answered
rag v7_D45 answered
rag v7_D46 answered
rag v7_D47 answered
rag v7_D48 answered
rag v7_D49 answered
rag v7_D50 answered
rag v7_F01 answered
rag v7_F02 answered
rag v7_F03 answered
rag v7_F04 answered
rag v7_F05 answered
rag v7_F06 answered
rag v7_F07 answered
rag v7_F08 answered
rag v7_F09 answered
rag v7_F10 answered
rag v7_F11 answered
rag v7_F12 answered
rag v7_F13 answered
rag v7_F14 answered
rag v7_F15 answered
rag v7_F16 answered
rag v7_F17 answered
rag v7_F18 answered
rag v7_F19 answered
rag v7_F20 answered
rag v7_F21 answered
rag v7_F22 answered
rag v7_F23 answered
rag v7_F24 answered
rag v7_F25 answered
rag v7_F26 answered
rag v7_F27 answered
rag v7_F28 answered
rag v7_F29 answered
rag v7_F30 answered
rag v7_A01 answered
rag v7_A02 answered
rag v7_A03 answered
rag v7_A04 answered
rag v7_A05 answered
rag v7_A06 answered
rag v7_A07 answered
rag v7_A08 answered
rag v7_A09 answered
rag v7_A10 answered
rag v7_A11 answered
rag v7_A12 answered
rag v7_A13 answered
rag v7_A14 answered
rag v7_A15 answered
rag v7_A16 answered
rag v7_A17 answered
rag v7_A18 answered
rag v7_A19 answered
rag v7_A20 answered
rag v7_B01 answered
rag v7_B02 answered
rag v7_B03 answered
rag v7_B04 answered
rag v7_B05 answered
rag v7_B06 answered
rag v7_B07 answered
rag v7_B08 answered
rag v7_B09 answered
rag v7_B10 answered
rag v7_B11 answered
rag v7_B12 answered
rag v7_B13 answered
rag v7_B14 answered
rag v7_B15 answered
rag v7_B16 answered
rag v7_B17 answered
rag v7_B18 answered
rag v7_B19 answered
rag v7_B20 answered
rag v7_X01 answered
rag v7_X02 answered
rag v7_X03 answered
rag v7_X04 answered
rag v7_X05 answered
rag v7_X06 answered
rag v7_X07 answered
rag v7_X08 answered
rag v7_X09 answered
rag v7_X10 answered
rag v7_X11 answered
rag v7_X12 answered
rag v7_X13 answered
rag v7_X14 answered
rag v7_X15 answered
rag v7_X16 answered
rag v7_X17 answered
rag v7_X18 answered
rag v7_X19 answered
rag v7_X20 answered
agentmemory v7_D01 answered
agentmemory v7_D02 answered
agentmemory v7_D03 answered
agentmemory v7_D04 answered
agentmemory v7_D05 answered
agentmemory v7_D06 answered
agentmemory v7_D07 answered
agentmemory v7_D08 answered
agentmemory v7_D09 answered
agentmemory v7_D10 answered
agentmemory v7_D11 answered
agentmemory v7_D12 answered
agentmemory v7_D13 answered
agentmemory v7_D14 answered
agentmemory v7_D15 answered
agentmemory v7_D16 answered
agentmemory v7_D17 answered
agentmemory v7_D18 answered
agentmemory v7_D19 answered
agentmemory v7_D20 answered
agentmemory v7_D21 answered
agentmemory v7_D22 answered
agentmemory v7_D23 answered
agentmemory v7_D24 answered
agentmemory v7_D25 answered
agentmemory v7_D26 answered
agentmemory v7_D27 answered
agentmemory v7_D28 answered
agentmemory v7_D29 answered
agentmemory v7_D30 answered
agentmemory v7_D31 answered
agentmemory v7_D32 answered
agentmemory v7_D33 answered
agentmemory v7_D34 answered
agentmemory v7_D35 answered
agentmemory v7_D36 answered
agentmemory v7_D37 answered
agentmemory v7_D38 answered
agentmemory v7_D39 answered
agentmemory v7_D40 answered
agentmemory v7_D41 answered
agentmemory v7_D42 answered
agentmemory v7_D43 answered
agentmemory v7_D44 answered
agentmemory v7_D45 answered
agentmemory v7_D46 answered
agentmemory v7_D47 answered
agentmemory v7_D48 answered
agentmemory v7_D49 answered
agentmemory v7_D50 answered
agentmemory v7_F01 answered
agentmemory v7_F02 answered
agentmemory v7_F03 answered
agentmemory v7_F04 answered
agentmemory v7_F05 answered
agentmemory v7_F06 answered
agentmemory v7_F07 answered
agentmemory v7_F08 answered
agentmemory v7_F09 answered
agentmemory v7_F10 answered
agentmemory v7_F11 answered
agentmemory v7_F12 answered
agentmemory v7_F13 answered
agentmemory v7_F14 answered
agentmemory v7_F15 answered
agentmemory v7_F16 answered
agentmemory v7_F17 answered
agentmemory v7_F18 answered
agentmemory v7_F19 answered
agentmemory v7_F20 answered
agentmemory v7_F21 answered
agentmemory v7_F22 answered
agentmemory v7_F23 answered
agentmemory v7_F24 answered
agentmemory v7_F25 answered
agentmemory v7_F26 answered
agentmemory v7_F27 answered
agentmemory v7_F28 answered
agentmemory v7_F29 answered
agentmemory v7_F30 answered
agentmemory v7_A01 answered
agentmemory v7_A02 answered
agentmemory v7_A03 answered
agentmemory v7_A04 answered
agentmemory v7_A05 answered
agentmemory v7_A06 answered
agentmemory v7_A07 answered
agentmemory v7_A08 answered
agentmemory v7_A09 answered
agentmemory v7_A10 answered
agentmemory v7_A11 answered
agentmemory v7_A12 answered
agentmemory v7_A13 answered
agentmemory v7_A14 answered
agentmemory v7_A15 answered
agentmemory v7_A16 answered
agentmemory v7_A17 answered
agentmemory v7_A18 answered
agentmemory v7_A19 answered
agentmemory v7_A20 answered
agentmemory v7_B01 answered
agentmemory v7_B02 answered
agentmemory v7_B03 answered
agentmemory v7_B04 answered
agentmemory v7_B05 answered
agentmemory v7_B06 answered
agentmemory v7_B07 answered
agentmemory v7_B08 answered
agentmemory v7_B09 answered
agentmemory v7_B10 answered
agentmemory v7_B11 answered
agentmemory v7_B12 answered
agentmemory v7_B13 answered
agentmemory v7_B14 answered
agentmemory v7_B15 answered
agentmemory v7_B16 answered
agentmemory v7_B17 answered
agentmemory v7_B18 answered
agentmemory v7_B19 answered
agentmemory v7_B20 answered
agentmemory v7_X01 answered
agentmemory v7_X02 answered
agentmemory v7_X03 answered
agentmemory v7_X04 answered
agentmemory v7_X05 answered
agentmemory v7_X06 answered
agentmemory v7_X07 answered
agentmemory v7_X08 answered
agentmemory v7_X09 answered
agentmemory v7_X10 answered
agentmemory v7_X11 answered
agentmemory v7_X12 answered
agentmemory v7_X13 answered
agentmemory v7_X14 answered
agentmemory v7_X15 answered
agentmemory v7_X16 answered
agentmemory v7_X17 answered
agentmemory v7_X18 answered
agentmemory v7_X19 answered
agentmemory v7_X20 answered
ai-memory v7_D01 answered
ai-memory v7_D02 answered
ai-memory v7_D03 answered
ai-memory v7_D04 answered
ai-memory v7_D05 answered
ai-memory v7_D06 answered
ai-memory v7_D07 answered
ai-memory v7_D08 answered
ai-memory v7_D09 answered
ai-memory v7_D10 answered
ai-memory v7_D11 answered
ai-memory v7_D12 answered
ai-memory v7_D13 answered
ai-memory v7_D14 answered
ai-memory v7_D15 answered
ai-memory v7_D16 answered
ai-memory v7_D17 answered
ai-memory v7_D18 answered
ai-memory v7_D19 answered
ai-memory v7_D20 answered
ai-memory v7_D21 answered
ai-memory v7_D22 answered
ai-memory v7_D23 answered
ai-memory v7_D24 answered
ai-memory v7_D25 answered
ai-memory v7_D26 answered
ai-memory v7_D27 answered
ai-memory v7_D28 answered
ai-memory v7_D29 answered
ai-memory v7_D30 answered
ai-memory v7_D31 answered
ai-memory v7_D32 answered
ai-memory v7_D33 answered
ai-memory v7_D34 answered
ai-memory v7_D35 answered
ai-memory v7_D36 answered
ai-memory v7_D37 answered
ai-memory v7_D38 answered
ai-memory v7_D39 answered
ai-memory v7_D40 answered
ai-memory v7_D41 answered
ai-memory v7_D42 answered
ai-memory v7_D43 answered
ai-memory v7_D44 answered
ai-memory v7_D45 answered
ai-memory v7_D46 answered
ai-memory v7_D47 answered
ai-memory v7_D48 answered
ai-memory v7_D49 answered
ai-memory v7_D50 answered
ai-memory v7_F01 answered
ai-memory v7_F02 answered
ai-memory v7_F03 answered
ai-memory v7_F04 answered
ai-memory v7_F05 answered
ai-memory v7_F06 answered
ai-memory v7_F07 answered
ai-memory v7_F08 answered
ai-memory v7_F09 answered
ai-memory v7_F10 answered
ai-memory v7_F11 answered
ai-memory v7_F12 answered
ai-memory v7_F13 answered
ai-memory v7_F14 answered
ai-memory v7_F15 answered
ai-memory v7_F16 answered
ai-memory v7_F17 answered
ai-memory v7_F18 answered
ai-memory v7_F19 answered
ai-memory v7_F20 answered
ai-memory v7_F21 answered
ai-memory v7_F22 answered
ai-memory v7_F23 answered
ai-memory v7_F24 answered
ai-memory v7_F25 answered
ai-memory v7_F26 answered
ai-memory v7_F27 answered
ai-memory v7_F28 answered
ai-memory v7_F29 answered
ai-memory v7_F30 answered
ai-memory v7_A01 answered
ai-memory v7_A02 answered
ai-memory v7_A03 answered
ai-memory v7_A04 answered
ai-memory v7_A05 answered
ai-memory v7_A06 answered
ai-memory v7_A07 answered
ai-memory v7_A08 answered
ai-memory v7_A09 answered
ai-memory v7_A10 answered
ai-memory v7_A11 answered
ai-memory v7_A12 answered
ai-memory v7_A13 answered
ai-memory v7_A14 answered
ai-memory v7_A15 answered
ai-memory v7_A16 answered
ai-memory v7_A17 answered
ai-memory v7_A18 answered
ai-memory v7_A19 answered
ai-memory v7_A20 answered
ai-memory v7_B01 answered
ai-memory v7_B02 answered
ai-memory v7_B03 answered
ai-memory v7_B04 answered
ai-memory v7_B05 answered
ai-memory v7_B06 answered
ai-memory v7_B07 answered
ai-memory v7_B08 answered
ai-memory v7_B09 answered
ai-memory v7_B10 answered
ai-memory v7_B11 answered
ai-memory v7_B12 answered
ai-memory v7_B13 answered
ai-memory v7_B14 answered
ai-memory v7_B15 answered
ai-memory v7_B16 answered
ai-memory v7_B17 answered
ai-memory v7_B18 answered
ai-memory v7_B19 answered
ai-memory v7_B20 answered
ai-memory v7_X01 answered
ai-memory v7_X02 answered
ai-memory v7_X03 answered
ai-memory v7_X04 answered
ai-memory v7_X05 answered
ai-memory v7_X06 answered
ai-memory v7_X07 answered
ai-memory v7_X08 answered
ai-memory v7_X09 answered
ai-memory v7_X10 answered
ai-memory v7_X11 answered
ai-memory v7_X12 answered
ai-memory v7_X13 answered
ai-memory v7_X14 answered
ai-memory v7_X15 answered
ai-memory v7_X16 answered
ai-memory v7_X17 answered
ai-memory v7_X18 answered
ai-memory v7_X19 answered
ai-memory v7_X20 answered
