=== rag 06:57:49
Loading weights:   0%|          | 0/199 [00:00<?, ?it/s]Loading weights: 100%|██████████| 199/199 [00:00<00:00, 7100.34it/s]
v7_D01 rag ok 4.7 s
v7_D02 rag ok 0.07 s
v7_D03 rag ok 0.06 s
v7_D04 rag ok 0.06 s
v7_D05 rag ok 0.06 s
v7_D06 rag ok 0.06 s
v7_D07 rag ok 0.06 s
v7_D08 rag ok 0.06 s
v7_D09 rag ok 0.05 s
v7_D10 rag ok 0.06 s
v7_D11 rag ok 0.06 s
v7_D12 rag ok 0.06 s
v7_D13 rag ok 0.06 s
v7_D14 rag ok 0.04 s
v7_D15 rag ok 0.06 s
v7_D16 rag ok 0.05 s
v7_D17 rag ok 0.05 s
v7_D18 rag ok 0.05 s
v7_D19 rag ok 0.06 s
v7_D20 rag ok 0.06 s
v7_D21 rag ok 0.05 s
v7_D22 rag ok 0.05 s
v7_D23 rag ok 0.06 s
v7_D24 rag ok 0.05 s
v7_D25 rag ok 0.06 s
v7_D26 rag ok 0.06 s
v7_D27 rag ok 0.05 s
v7_D28 rag ok 0.05 s
v7_D29 rag ok 0.05 s
v7_D30 rag ok 0.05 s
v7_D31 rag ok 0.08 s
v7_D32 rag ok 0.06 s
v7_D33 rag ok 0.06 s
v7_D34 rag ok 0.06 s
v7_D35 rag ok 0.06 s
v7_D36 rag ok 0.05 s
v7_D37 rag ok 0.05 s
v7_D38 rag ok 0.06 s
v7_D39 rag ok 0.05 s
v7_D40 rag ok 0.05 s
v7_D41 rag ok 0.05 s
v7_D42 rag ok 0.05 s
v7_D43 rag ok 0.05 s
v7_D44 rag ok 0.05 s
v7_D45 rag ok 0.05 s
v7_D46 rag ok 0.04 s
v7_D47 rag ok 0.05 s
v7_D48 rag ok 0.04 s
v7_D49 rag ok 0.05 s
v7_D50 rag ok 0.05 s
v7_F01 rag ok 0.04 s
v7_F02 rag ok 0.04 s
v7_F03 rag ok 0.04 s
v7_F04 rag ok 0.04 s
v7_F05 rag ok 0.04 s
v7_F06 rag ok 0.04 s
v7_F07 rag ok 0.04 s
v7_F08 rag ok 0.04 s
v7_F09 rag ok 0.04 s
v7_F10 rag ok 0.04 s
v7_F11 rag ok 0.04 s
v7_F12 rag ok 0.04 s
v7_F13 rag ok 0.04 s
v7_F14 rag ok 0.04 s
v7_F15 rag ok 0.04 s
v7_F16 rag ok 0.04 s
v7_F17 rag ok 0.04 s
v7_F18 rag ok 0.04 s
v7_F19 rag ok 0.04 s
v7_F20 rag ok 0.04 s
v7_F21 rag ok 0.04 s
v7_F22 rag ok 0.04 s
v7_F23 rag ok 0.04 s
v7_F24 rag ok 0.04 s
v7_F25 rag ok 0.04 s
v7_F26 rag ok 0.04 s
v7_F27 rag ok 0.04 s
v7_F28 rag ok 0.04 s
v7_F29 rag ok 0.04 s
v7_F30 rag ok 0.04 s
v7_A01 rag ok 0.04 s
v7_A02 rag ok 0.04 s
v7_A03 rag ok 0.04 s
v7_A04 rag ok 0.04 s
v7_A05 rag ok 0.04 s
v7_A06 rag ok 0.04 s
v7_A07 rag ok 0.04 s
v7_A08 rag ok 0.04 s
v7_A09 rag ok 0.04 s
v7_A10 rag ok 0.04 s
v7_A11 rag ok 0.04 s
v7_A12 rag ok 0.04 s
v7_A13 rag ok 0.04 s
v7_A14 rag ok 0.04 s
v7_A15 rag ok 0.04 s
v7_A16 rag ok 0.04 s
v7_A17 rag ok 0.04 s
v7_A18 rag ok 0.04 s
v7_A19 rag ok 0.04 s
v7_A20 rag ok 0.04 s
v7_B01 rag ok 0.04 s
v7_B02 rag ok 0.04 s
v7_B03 rag ok 0.04 s
v7_B04 rag ok 0.04 s
v7_B05 rag ok 0.04 s
v7_B06 rag ok 0.04 s
v7_B07 rag ok 0.04 s
v7_B08 rag ok 0.04 s
v7_B09 rag ok 0.04 s
v7_B10 rag ok 0.04 s
v7_B11 rag ok 0.04 s
v7_B12 rag ok 0.04 s
v7_B13 rag ok 0.04 s
v7_B14 rag ok 0.04 s
v7_B15 rag ok 0.04 s
v7_B16 rag ok 0.04 s
v7_B17 rag ok 0.04 s
v7_B18 rag ok 0.04 s
v7_B19 rag ok 0.04 s
v7_B20 rag ok 0.04 s
v7_X01 rag ok 0.04 s
v7_X02 rag ok 0.04 s
v7_X03 rag ok 0.04 s
v7_X04 rag ok 0.04 s
v7_X05 rag ok 0.04 s
v7_X06 rag ok 0.04 s
v7_X07 rag ok 0.05 s
v7_X08 rag ok 0.05 s
v7_X09 rag ok 0.05 s
v7_X10 rag ok 0.05 s
v7_X11 rag ok 0.05 s
v7_X12 rag ok 0.05 s
v7_X13 rag ok 0.04 s
v7_X14 rag ok 0.04 s
v7_X15 rag ok 0.04 s
v7_X16 rag ok 0.04 s
v7_X17 rag ok 0.04 s
v7_X18 rag ok 0.05 s
v7_X19 rag ok 0.05 s
v7_X20 rag ok 0.05 s
=== ours 06:58:01
v7_D01 sourcedrecall ok 4.43 s
v7_D02 sourcedrecall ok 4.05 s
v7_D03 sourcedrecall ok 2.52 s
v7_D04 sourcedrecall ok 2.39 s
v7_D05 sourcedrecall ok 2.19 s
v7_D06 sourcedrecall ok 2.47 s
v7_D07 sourcedrecall ok 2.56 s
v7_D08 sourcedrecall ok 2.58 s
v7_D09 sourcedrecall ok 2.52 s
v7_D10 sourcedrecall ok 2.81 s
v7_D11 sourcedrecall ok 2.11 s
v7_D12 sourcedrecall ok 2.58 s
v7_D13 sourcedrecall ok 2.79 s
v7_D14 sourcedrecall ok 2.38 s
v7_D15 sourcedrecall ok 2.76 s
v7_D16 sourcedrecall ok 2.4 s
v7_D17 sourcedrecall ok 2.51 s
v7_D18 sourcedrecall ok 2.43 s
v7_D19 sourcedrecall ok 2.54 s
v7_D20 sourcedrecall ok 2.19 s
v7_D21 sourcedrecall ok 2.3 s
v7_D22 sourcedrecall ok 2.24 s
v7_D23 sourcedrecall ok 2.13 s
v7_D24 sourcedrecall ok 2.55 s
v7_D25 sourcedrecall ok 2.92 s
v7_D26 sourcedrecall ok 2.71 s
v7_D27 sourcedrecall ok 2.14 s
v7_D28 sourcedrecall ok 2.33 s
v7_D29 sourcedrecall ok 2.52 s
v7_D30 sourcedrecall ok 2.31 s
v7_D31 sourcedrecall ok 2.41 s
v7_D32 sourcedrecall ok 2.81 s
v7_D33 sourcedrecall ok 2.27 s
v7_D34 sourcedrecall ok 2.27 s
v7_D35 sourcedrecall ok 2.3 s
v7_D36 sourcedrecall ok 2.31 s
v7_D37 sourcedrecall ok 2.52 s
v7_D38 sourcedrecall ok 3.26 s
v7_D39 sourcedrecall ok 2.3 s
v7_D40 sourcedrecall ok 2.28 s
v7_D41 sourcedrecall ok 2.24 s
v7_D42 sourcedrecall ok 2.41 s
v7_D43 sourcedrecall ok 2.31 s
v7_D44 sourcedrecall ok 2.31 s
v7_D45 sourcedrecall ok 2.46 s
v7_D46 sourcedrecall ok 2.21 s
v7_D47 sourcedrecall ok 2.36 s
v7_D48 sourcedrecall ok 2.22 s
v7_D49 sourcedrecall ok 2.6 s
v7_D50 sourcedrecall ok 2.91 s
v7_F01 sourcedrecall ok 2.74 s
v7_F02 sourcedrecall ok 2.22 s
v7_F03 sourcedrecall ok 2.29 s
v7_F04 sourcedrecall ok 2.53 s
v7_F05 sourcedrecall ok 2.92 s
v7_F06 sourcedrecall ok 2.49 s
v7_F07 sourcedrecall ok 2.28 s
v7_F08 sourcedrecall ok 2.16 s
v7_F09 sourcedrecall ok 2.46 s
v7_F10 sourcedrecall ok 2.45 s
v7_F11 sourcedrecall ok 2.72 s
v7_F12 sourcedrecall ok 2.24 s
v7_F13 sourcedrecall ok 2.33 s
v7_F14 sourcedrecall ok 2.48 s
v7_F15 sourcedrecall ok 2.79 s
v7_F16 sourcedrecall ok 2.55 s
v7_F17 sourcedrecall ok 2.14 s
v7_F18 sourcedrecall ok 2.59 s
v7_F19 sourcedrecall ok 2.44 s
v7_F20 sourcedrecall ok 2.25 s
v7_F21 sourcedrecall ok 2.11 s
v7_F22 sourcedrecall ok 2.17 s
v7_F23 sourcedrecall ok 2.11 s
v7_F24 sourcedrecall ok 2.22 s
v7_F25 sourcedrecall ok 2.11 s
v7_F26 sourcedrecall ok 2.14 s
v7_F27 sourcedrecall ok 2.65 s
v7_F28 sourcedrecall ok 2.55 s
v7_F29 sourcedrecall ok 2.28 s
v7_F30 sourcedrecall ok 2.06 s
v7_A01 sourcedrecall ok 2.78 s
v7_A02 sourcedrecall ok 2.53 s
v7_A03 sourcedrecall ok 2.47 s
v7_A04 sourcedrecall ok 2.02 s
v7_A05 sourcedrecall ok 2.15 s
v7_A06 sourcedrecall ok 2.54 s
v7_A07 sourcedrecall ok 2.21 s
v7_A08 sourcedrecall ok 2.44 s
v7_A09 sourcedrecall ok 2.26 s
v7_A10 sourcedrecall ok 2.39 s
v7_A11 sourcedrecall ok 2.45 s
v7_A12 sourcedrecall ok 2.44 s
v7_A13 sourcedrecall ok 2.07 s
v7_A14 sourcedrecall ok 2.0 s
v7_A15 sourcedrecall ok 2.47 s
v7_A16 sourcedrecall ok 2.67 s
v7_A17 sourcedrecall ok 2.35 s
v7_A18 sourcedrecall ok 2.04 s
v7_A19 sourcedrecall ok 2.1 s
v7_A20 sourcedrecall ok 2.76 s
v7_B01 sourcedrecall ok 2.67 s
v7_B02 sourcedrecall ok 2.31 s
v7_B03 sourcedrecall ok 2.39 s
v7_B04 sourcedrecall ok 2.17 s
v7_B05 sourcedrecall ok 2.11 s
v7_B06 sourcedrecall ok 2.4 s
v7_B07 sourcedrecall ok 2.91 s
v7_B08 sourcedrecall ok 2.6 s
v7_B09 sourcedrecall ok 2.5 s
v7_B10 sourcedrecall ok 2.1 s
v7_B11 sourcedrecall ok 2.38 s
v7_B12 sourcedrecall ok 2.52 s
v7_B13 sourcedrecall ok 2.26 s
v7_B14 sourcedrecall ok 2.09 s
v7_B15 sourcedrecall ok 2.1 s
v7_B16 sourcedrecall ok 2.11 s
v7_B17 sourcedrecall ok 2.1 s
v7_B18 sourcedrecall ok 2.68 s
v7_B19 sourcedrecall ok 2.5 s
v7_B20 sourcedrecall ok 2.11 s
v7_X01 sourcedrecall ok 2.59 s
v7_X02 sourcedrecall ok 2.35 s
v7_X03 sourcedrecall ok 2.46 s
v7_X04 sourcedrecall ok 2.04 s
v7_X05 sourcedrecall ok 1.94 s
v7_X06 sourcedrecall ok 1.99 s
v7_X07 sourcedrecall ok 2.04 s
v7_X08 sourcedrecall ok 2.0 s
v7_X09 sourcedrecall ok 2.49 s
v7_X10 sourcedrecall ok 2.35 s
v7_X11 sourcedrecall ok 2.49 s
v7_X12 sourcedrecall ok 2.1 s
v7_X13 sourcedrecall ok 2.05 s
v7_X14 sourcedrecall ok 2.11 s
v7_X15 sourcedrecall ok 2.28 s
v7_X16 sourcedrecall ok 2.2 s
v7_X17 sourcedrecall ok 2.05 s
v7_X18 sourcedrecall ok 2.01 s
v7_X19 sourcedrecall ok 2.57 s
v7_X20 sourcedrecall ok 2.6 s
v7_D01 agentmemory ok 2.89 s
v7_D02 agentmemory ok 3.33 s
v7_D03 agentmemory ok 3.3 s
v7_D04 agentmemory ok 3.33 s
v7_D05 agentmemory ok 3.31 s
v7_D06 agentmemory ok 3.31 s
v7_D07 agentmemory ok 3.33 s
v7_D08 agentmemory ok 3.31 s
v7_D09 agentmemory ok 3.33 s
v7_D10 agentmemory ok 3.31 s
v7_D11 agentmemory ok 3.31 s
v7_D12 agentmemory ok 3.31 s
v7_D13 agentmemory ok 3.32 s
v7_D14 agentmemory ok 3.29 s
v7_D15 agentmemory ok 3.33 s
v7_D16 agentmemory ok 3.3 s
v7_D17 agentmemory ok 3.31 s
v7_D18 agentmemory ok 3.31 s
v7_D19 agentmemory ok 3.3 s
v7_D20 agentmemory ok 3.29 s
v7_D21 agentmemory ok 3.3 s
v7_D22 agentmemory ok 3.33 s
v7_D23 agentmemory ok 3.31 s
v7_D24 agentmemory ok 3.32 s
v7_D25 agentmemory ok 3.31 s
v7_D26 agentmemory ok 3.31 s
v7_D27 agentmemory ok 3.35 s
v7_D28 agentmemory ok 3.31 s
v7_D29 agentmemory ok 3.3 s
v7_D30 agentmemory ok 3.29 s
v7_D31 agentmemory ok 3.32 s
v7_D32 agentmemory ok 3.3 s
v7_D33 agentmemory ok 3.31 s
v7_D34 agentmemory ok 3.29 s
v7_D35 agentmemory ok 3.3 s
v7_D36 agentmemory ok 3.3 s
v7_D37 agentmemory ok 3.31 s
v7_D38 agentmemory ok 3.3 s
v7_D39 agentmemory ok 3.3 s
v7_D40 agentmemory ok 3.31 s
v7_D41 agentmemory ok 3.3 s
v7_D42 agentmemory ok 3.31 s
v7_D43 agentmemory ok 3.29 s
v7_D44 agentmemory ok 3.31 s
v7_D45 agentmemory ok 3.32 s
v7_D46 agentmemory ok 3.3 s
v7_D47 agentmemory ok 3.31 s
v7_D48 agentmemory ok 3.29 s
v7_D49 agentmemory ok 3.32 s
v7_D50 agentmemory ok 3.29 s
v7_F01 agentmemory ok 3.31 s
v7_F02 agentmemory ok 3.3 s
v7_F03 agentmemory ok 3.3 s
v7_F04 agentmemory ok 3.29 s
v7_F05 agentmemory ok 3.32 s
v7_F06 agentmemory ok 3.3 s
v7_F07 agentmemory ok 3.32 s
v7_F08 agentmemory ok 3.32 s
v7_F09 agentmemory ok 3.3 s
v7_F10 agentmemory ok 3.29 s
v7_F11 agentmemory ok 3.31 s
v7_F12 agentmemory ok 3.33 s
v7_F13 agentmemory ok 3.33 s
v7_F14 agentmemory ok 3.28 s
v7_F15 agentmemory ok 3.28 s
v7_F16 agentmemory ok 3.3 s
v7_F17 agentmemory ok 3.29 s
v7_F18 agentmemory ok 3.34 s
v7_F19 agentmemory ok 3.31 s
v7_F20 agentmemory ok 3.29 s
v7_F21 agentmemory ok 3.29 s
v7_F22 agentmemory ok 3.3 s
v7_F23 agentmemory ok 3.29 s
v7_F24 agentmemory ok 3.29 s
v7_F25 agentmemory ok 3.3 s
v7_F26 agentmemory ok 3.28 s
v7_F27 agentmemory ok 3.27 s
v7_F28 agentmemory ok 3.31 s
v7_F29 agentmemory ok 3.32 s
v7_F30 agentmemory ok 3.3 s
v7_A01 agentmemory ok 3.27 s
v7_A02 agentmemory ok 3.29 s
v7_A03 agentmemory ok 3.29 s
v7_A04 agentmemory ok 3.28 s
v7_A05 agentmemory ok 3.32 s
v7_A06 agentmemory ok 3.32 s
v7_A07 agentmemory ok 3.3 s
v7_A08 agentmemory ok 3.29 s
v7_A09 agentmemory ok 3.29 s
v7_A10 agentmemory ok 3.29 s
v7_A11 agentmemory ok 3.29 s
v7_A12 agentmemory ok 3.31 s
v7_A13 agentmemory ok 3.29 s
v7_A14 agentmemory ok 3.29 s
v7_A15 agentmemory ok 3.29 s
v7_A16 agentmemory ok 3.31 s
v7_A17 agentmemory ok 3.29 s
v7_A18 agentmemory ok 3.3 s
v7_A19 agentmemory ok 3.29 s
v7_A20 agentmemory ok 3.3 s
v7_B01 agentmemory ok 3.3 s
v7_B02 agentmemory ok 3.29 s
v7_B03 agentmemory ok 3.3 s
v7_B04 agentmemory ok 3.28 s
v7_B05 agentmemory ok 3.29 s
v7_B06 agentmemory ok 3.3 s
v7_B07 agentmemory ok 3.29 s
v7_B08 agentmemory ok 3.3 s
v7_B09 agentmemory ok 3.3 s
v7_B10 agentmemory ok 3.29 s
v7_B11 agentmemory ok 3.29 s
v7_B12 agentmemory ok 3.29 s
v7_B13 agentmemory ok 3.3 s
v7_B14 agentmemory ok 3.29 s
v7_B15 agentmemory ok 3.31 s
v7_B16 agentmemory ok 3.31 s
v7_B17 agentmemory ok 3.28 s
v7_B18 agentmemory ok 3.28 s
v7_B19 agentmemory ok 3.3 s
v7_B20 agentmemory ok 3.3 s
v7_X01 agentmemory ok 3.3 s
v7_X02 agentmemory ok 3.3 s
v7_X03 agentmemory ok 3.29 s
v7_X04 agentmemory ok 3.31 s
v7_X05 agentmemory ok 3.3 s
v7_X06 agentmemory ok 3.3 s
v7_X07 agentmemory ok 3.29 s
v7_X08 agentmemory ok 3.3 s
v7_X09 agentmemory ok 3.31 s
v7_X10 agentmemory ok 3.32 s
v7_X11 agentmemory ok 3.29 s
v7_X12 agentmemory ok 3.3 s
v7_X13 agentmemory ok 3.28 s
v7_X14 agentmemory ok 3.31 s
v7_X15 agentmemory ok 3.31 s
v7_X16 agentmemory ok 3.29 s
v7_X17 agentmemory ok 3.31 s
v7_X18 agentmemory ok 3.3 s
v7_X19 agentmemory ok 3.28 s
v7_X20 agentmemory ok 3.3 s
v7_D01 ai-memory ok 4.29 s
v7_D02 ai-memory ok 4.23 s
v7_D03 ai-memory ok 4.22 s
v7_D04 ai-memory ok 4.19 s
v7_D05 ai-memory ok 4.21 s
v7_D06 ai-memory ok 4.24 s
v7_D07 ai-memory ok 4.17 s
v7_D08 ai-memory ok 4.19 s
v7_D09 ai-memory ok 4.21 s
v7_D10 ai-memory ok 4.24 s
v7_D11 ai-memory ok 4.16 s
v7_D12 ai-memory ok 4.17 s
v7_D13 ai-memory ok 4.16 s
v7_D14 ai-memory ok 4.17 s
v7_D15 ai-memory ok 4.23 s
v7_D16 ai-memory ok 4.23 s
v7_D17 ai-memory ok 4.21 s
v7_D18 ai-memory ok 4.13 s
v7_D19 ai-memory ok 4.12 s
v7_D20 ai-memory ok 4.2 s
v7_D21 ai-memory ok 4.17 s
v7_D22 ai-memory ok 4.18 s
v7_D23 ai-memory ok 4.17 s
v7_D24 ai-memory ok 4.17 s
v7_D25 ai-memory ok 4.18 s
v7_D26 ai-memory ok 4.16 s
v7_D27 ai-memory ok 4.17 s
v7_D28 ai-memory ok 4.19 s
v7_D29 ai-memory ok 4.24 s
v7_D30 ai-memory ok 4.21 s
v7_D31 ai-memory ok 4.23 s
v7_D32 ai-memory ok 4.22 s
v7_D33 ai-memory ok 4.16 s
v7_D34 ai-memory ok 4.19 s
v7_D35 ai-memory ok 4.14 s
v7_D36 ai-memory ok 4.17 s
v7_D37 ai-memory ok 4.2 s
v7_D38 ai-memory ok 4.18 s
v7_D39 ai-memory ok 4.2 s
v7_D40 ai-memory ok 4.19 s
v7_D41 ai-memory ok 4.18 s
v7_D42 ai-memory ok 4.17 s
v7_D43 ai-memory ok 4.16 s
v7_D44 ai-memory ok 4.22 s
v7_D45 ai-memory ok 4.24 s
v7_D46 ai-memory ok 4.18 s
v7_D47 ai-memory ok 4.17 s
v7_D48 ai-memory ok 4.1 s
v7_D49 ai-memory ok 4.1 s
v7_D50 ai-memory ok 4.14 s
v7_F01 ai-memory ok 4.91 s
v7_F02 ai-memory ok 4.23 s
v7_F03 ai-memory ok 4.87 s
v7_F04 ai-memory ok 4.06 s
v7_F05 ai-memory ok 4.79 s
v7_F06 ai-memory ok 4.09 s
v7_F07 ai-memory ok 4.8 s
v7_F08 ai-memory ok 4.15 s
v7_F09 ai-memory ok 4.12 s
v7_F10 ai-memory ok 4.18 s
v7_F11 ai-memory ok 4.24 s
v7_F12 ai-memory ok 4.16 s
v7_F13 ai-memory ok 4.15 s
v7_F14 ai-memory ok 4.22 s
v7_F15 ai-memory ok 4.16 s
v7_F16 ai-memory ok 4.18 s
v7_F17 ai-memory ok 4.19 s
v7_F18 ai-memory ok 4.22 s
v7_F19 ai-memory ok 4.18 s
v7_F20 ai-memory ok 4.23 s
v7_F21 ai-memory ok 4.2 s
v7_F22 ai-memory ok 4.23 s
v7_F23 ai-memory ok 4.21 s
v7_F24 ai-memory ok 4.2 s
v7_F25 ai-memory ok 4.27 s
v7_F26 ai-memory ok 4.26 s
v7_F27 ai-memory ok 4.22 s
v7_F28 ai-memory ok 4.27 s
v7_F29 ai-memory ok 4.23 s
v7_F30 ai-memory ok 4.23 s
v7_A01 ai-memory ok 4.19 s
v7_A02 ai-memory ok 4.23 s
v7_A03 ai-memory ok 4.2 s
v7_A04 ai-memory ok 4.27 s
v7_A05 ai-memory ok 4.26 s
v7_A06 ai-memory ok 4.24 s
v7_A07 ai-memory ok 4.27 s
v7_A08 ai-memory ok 4.2 s
v7_A09 ai-memory ok 4.22 s
v7_A10 ai-memory ok 4.24 s
v7_A11 ai-memory ok 4.26 s
v7_A12 ai-memory ok 4.26 s
v7_A13 ai-memory ok 4.24 s
v7_A14 ai-memory ok 4.23 s
v7_A15 ai-memory ok 4.27 s
v7_A16 ai-memory ok 4.21 s
v7_A17 ai-memory ok 4.21 s
v7_A18 ai-memory ok 4.22 s
v7_A19 ai-memory ok 4.23 s
v7_A20 ai-memory ok 4.2 s
v7_B01 ai-memory ok 4.26 s
v7_B02 ai-memory ok 4.19 s
v7_B03 ai-memory ok 4.21 s
v7_B04 ai-memory ok 4.2 s
v7_B05 ai-memory ok 4.26 s
v7_B06 ai-memory ok 4.26 s
v7_B07 ai-memory ok 4.2 s
v7_B08 ai-memory ok 4.28 s
v7_B09 ai-memory ok 4.23 s
v7_B10 ai-memory ok 4.24 s
v7_B11 ai-memory ok 4.21 s
v7_B12 ai-memory ok 4.22 s
v7_B13 ai-memory ok 4.27 s
v7_B14 ai-memory ok 4.23 s
v7_B15 ai-memory ok 4.26 s
v7_B16 ai-memory ok 4.2 s
v7_B17 ai-memory ok 4.21 s
v7_B18 ai-memory ok 4.16 s
v7_B19 ai-memory ok 4.18 s
v7_B20 ai-memory ok 4.22 s
v7_X01 ai-memory ok 4.19 s
v7_X02 ai-memory ok 4.25 s
v7_X03 ai-memory ok 4.19 s
v7_X04 ai-memory ok 4.18 s
v7_X05 ai-memory ok 4.22 s
v7_X06 ai-memory ok 4.25 s
v7_X07 ai-memory ok 4.23 s
v7_X08 ai-memory ok 4.24 s
v7_X09 ai-memory ok 4.18 s
v7_X10 ai-memory ok 4.17 s
v7_X11 ai-memory ok 4.14 s
v7_X12 ai-memory ok 4.2 s
v7_X13 ai-memory ok 4.2 s
v7_X14 ai-memory ok 4.19 s
v7_X15 ai-memory ok 4.24 s
v7_X16 ai-memory ok 4.17 s
v7_X17 ai-memory ok 4.22 s
v7_X18 ai-memory ok 4.23 s
v7_X19 ai-memory ok 4.23 s
v7_X20 ai-memory ok 4.09 s
