=== rag 23:30:08
Loading weights:   0%|          | 0/199 [00:00<?, ?it/s]Loading weights: 100%|██████████| 199/199 [00:00<00:00, 21020.11it/s]
cb01 rag ok 3.71 s
cb02 rag ok 0.52 s
cb03 rag ok 0.57 s
cb04 rag ok 0.58 s
cb05 rag ok 0.57 s
cb06 rag ok 0.57 s
cb07 rag ok 0.55 s
cb08 rag ok 0.51 s
cb09 rag ok 0.5 s
cb10 rag ok 0.5 s
cb11 rag ok 0.5 s
cb12 rag ok 0.55 s
cb13 rag ok 0.57 s
cb14 rag ok 0.57 s
cb15 rag ok 0.57 s
cb16 rag ok 0.58 s
cb17 rag ok 0.53 s
cb18 rag ok 0.5 s
cb19 rag ok 0.5 s
cb20 rag ok 0.5 s
cb21 rag ok 0.53 s
cb22 rag ok 0.57 s
cb23 rag ok 0.57 s
cb24 rag ok 0.57 s
cb25 rag ok 0.57 s
cb26 rag ok 0.55 s
cb27 rag ok 0.49 s
cb28 rag ok 0.5 s
cb29 rag ok 0.5 s
cb30 rag ok 0.57 s
cb31 rag ok 0.57 s
cb32 rag ok 0.57 s
cb33 rag ok 0.57 s
cb34 rag ok 0.57 s
cb35 rag ok 0.5 s
cb36 rag ok 0.5 s
cb37 rag ok 0.49 s
cb38 rag ok 0.5 s
cb39 rag ok 0.5 s
cb40 rag ok 0.57 s
cb41 rag ok 0.57 s
cb42 rag ok 0.57 s
cb43 rag ok 0.58 s
cb44 rag ok 0.56 s
cb45 rag ok 0.5 s
cb46 rag ok 0.5 s
cb47 rag ok 0.5 s
cb48 rag ok 0.5 s
cb49 rag ok 0.5 s
cb50 rag ok 0.5 s
cb51 rag ok 0.5 s
cb52 rag ok 0.5 s
cb53 rag ok 0.51 s
cb54 rag ok 0.5 s
cb55 rag ok 0.57 s
cb56 rag ok 0.57 s
cb57 rag ok 0.57 s
cb58 rag ok 0.58 s
cb59 rag ok 0.57 s
cb60 rag ok 0.51 s
=== ours 23:30:44
cb01 sourcedrecall ok 84.91 s
cb02 sourcedrecall ok 83.26 s
cb03 sourcedrecall ok 80.89 s
cb04 sourcedrecall ok 83.95 s
cb05 sourcedrecall ok 84.69 s
cb06 sourcedrecall ok 85.93 s
cb07 sourcedrecall ok 84.13 s
cb08 sourcedrecall ok 86.25 s
cb09 sourcedrecall ok 85.74 s
cb10 sourcedrecall ok 84.36 s
cb11 sourcedrecall ok 86.67 s
cb12 sourcedrecall ok 86.68 s
cb13 sourcedrecall ok 85.15 s
cb14 sourcedrecall ok 80.86 s
cb15 sourcedrecall ok 85.54 s
cb16 sourcedrecall ok 84.91 s
cb17 sourcedrecall ok 86.33 s
cb18 sourcedrecall ok 87.06 s
cb19 sourcedrecall ok 85.47 s
cb20 sourcedrecall ok 86.36 s
cb21 sourcedrecall ok 86.96 s
cb22 sourcedrecall ok 91.05 s
cb23 sourcedrecall ok 94.7 s
cb24 sourcedrecall ok 94.98 s
cb25 sourcedrecall ok 92.12 s
cb26 sourcedrecall ok 94.49 s
cb27 sourcedrecall ok 93.69 s
cb28 sourcedrecall ok 96.09 s
cb29 sourcedrecall ok 93.25 s
cb30 sourcedrecall ok 94.27 s
cb31 sourcedrecall ok 93.94 s
cb32 sourcedrecall ok 95.2 s
cb33 sourcedrecall ok 87.84 s
cb34 sourcedrecall ok 83.75 s
cb35 sourcedrecall ok 86.33 s
cb36 sourcedrecall ok 83.62 s
cb37 sourcedrecall ok 86.89 s
cb38 sourcedrecall ok 86.13 s
cb39 sourcedrecall ok 87.17 s
cb40 sourcedrecall ok 86.42 s
cb41 sourcedrecall ok 83.29 s
cb42 sourcedrecall ok 87.75 s
cb43 sourcedrecall ok 86.41 s
cb44 sourcedrecall ok 85.99 s
cb45 sourcedrecall ok 89.26 s
cb46 sourcedrecall ok 86.56 s
cb47 sourcedrecall ok 83.04 s
cb48 sourcedrecall ok 82.76 s
cb49 sourcedrecall ok 83.61 s
cb50 sourcedrecall ok 81.96 s
cb51 sourcedrecall ok 84.89 s
cb52 sourcedrecall ok 88.41 s
cb53 sourcedrecall ok 85.39 s
cb54 sourcedrecall ok 88.14 s
cb55 sourcedrecall ok 83.26 s
cb56 sourcedrecall ok 85.4 s
cb57 sourcedrecall ok 85.16 s
cb58 sourcedrecall ok 85.13 s
cb59 sourcedrecall ok 83.71 s
cb60 sourcedrecall ok 88.58 s
