=== rag 01:56:04
Loading weights:   0%|          | 0/199 [00:00<?, ?it/s]Loading weights: 100%|██████████| 199/199 [00:00<00:00, 19866.39it/s]
pb01 rag ok 3.49 s
pb02 rag ok 0.59 s
pb03 rag ok 0.58 s
pb04 rag ok 0.57 s
pb05 rag ok 0.52 s
pb06 rag ok 0.5 s
pb07 rag ok 0.5 s
pb08 rag ok 0.5 s
pb09 rag ok 0.51 s
pb10 rag ok 0.5 s
pb11 rag ok 0.53 s
pb12 rag ok 0.58 s
pb13 rag ok 0.58 s
pb14 rag ok 0.58 s
pb15 rag ok 0.58 s
pb16 rag ok 0.53 s
pb17 rag ok 0.5 s
pb18 rag ok 0.5 s
pb19 rag ok 0.5 s
pb20 rag ok 0.5 s
pb21 rag ok 0.5 s
pb22 rag ok 0.53 s
pb23 rag ok 0.58 s
pb24 rag ok 0.58 s
pb25 rag ok 0.58 s
pb26 rag ok 0.58 s
pb27 rag ok 0.54 s
pb28 rag ok 0.5 s
pb29 rag ok 0.5 s
pb30 rag ok 0.5 s
pb31 rag ok 0.5 s
pb32 rag ok 0.58 s
pb33 rag ok 0.57 s
pb34 rag ok 0.57 s
pb35 rag ok 0.57 s
pb36 rag ok 0.57 s
pb37 rag ok 0.5 s
pb38 rag ok 0.5 s
pb39 rag ok 0.53 s
pb40 rag ok 0.58 s
pb41 rag ok 0.58 s
pb42 rag ok 0.58 s
pb43 rag ok 0.58 s
pb44 rag ok 0.53 s
pb45 rag ok 0.49 s
=== ours 01:56:31
pb01 sourcedrecall ok 86.2 s
pb02 sourcedrecall ok 83.23 s
pb03 sourcedrecall ok 87.61 s
pb04 sourcedrecall ok 92.96 s
pb05 sourcedrecall ok 95.09 s
pb06 sourcedrecall ok 90.67 s
pb07 sourcedrecall ok 92.38 s
pb08 sourcedrecall ok 94.34 s
pb09 sourcedrecall ok 94.55 s
pb10 sourcedrecall ok 92.15 s
pb11 sourcedrecall ok 90.3 s
pb12 sourcedrecall ok 93.94 s
pb13 sourcedrecall ok 94.1 s
pb14 sourcedrecall ok 96.29 s
pb15 sourcedrecall ok 95.59 s
pb16 sourcedrecall ok 93.51 s
pb17 sourcedrecall ok 91.61 s
pb18 sourcedrecall ok 85.85 s
pb19 sourcedrecall ok 85.08 s
pb20 sourcedrecall ok 87.83 s
pb21 sourcedrecall ok 85.9 s
pb22 sourcedrecall ok 85.68 s
pb23 sourcedrecall ok 85.57 s
pb24 sourcedrecall ok 87.28 s
pb25 sourcedrecall ok 85.87 s
pb26 sourcedrecall ok 85.06 s
pb27 sourcedrecall ok 87.01 s
pb28 sourcedrecall ok 84.73 s
pb29 sourcedrecall ok 85.99 s
pb30 sourcedrecall ok 85.54 s
pb31 sourcedrecall ok 87.74 s
pb32 sourcedrecall ok 84.0 s
pb33 sourcedrecall ok 87.84 s
pb34 sourcedrecall ok 84.02 s
pb35 sourcedrecall ok 87.59 s
pb36 sourcedrecall ok 90.24 s
pb37 sourcedrecall ok 88.85 s
pb38 sourcedrecall ok 87.26 s
pb39 sourcedrecall ok 87.67 s
pb40 sourcedrecall ok 88.56 s
pb41 sourcedrecall ok 87.51 s
pb42 sourcedrecall ok 82.25 s
pb43 sourcedrecall ok 88.7 s
pb44 sourcedrecall ok 86.28 s
pb45 sourcedrecall ok 83.83 s
