agentmemory v6_A01 answered
agentmemory v6_A02 answered
agentmemory v6_A03 answered
agentmemory v6_A04 answered
agentmemory v6_A05 answered
agentmemory v6_A06 answered
agentmemory v6_A07 answered
agentmemory v6_A08 answered
agentmemory v6_A09 answered
agentmemory v6_A10 answered
agentmemory v6_A11 answered
agentmemory v6_A12 answered
agentmemory v6_A13 answered
agentmemory v6_A14 answered
agentmemory v6_A15 answered
agentmemory v6_A16 answered
agentmemory v6_A17 answered
agentmemory v6_A18 answered
agentmemory v6_A19 answered
agentmemory v6_A20 answered
agentmemory v6_B01 answered
agentmemory v6_B02 answered
agentmemory v6_B03 answered
agentmemory v6_B04 answered
agentmemory v6_B05 answered
agentmemory v6_B06 answered
agentmemory v6_B07 answered
agentmemory v6_B08 answered
agentmemory v6_B09 answered
agentmemory v6_B10 answered
agentmemory v6_B11 answered
agentmemory v6_B12 answered
agentmemory v6_B13 answered
agentmemory v6_B14 answered
agentmemory v6_B15 answered
agentmemory v6_B16 answered
agentmemory v6_B17 answered
agentmemory v6_B18 answered
agentmemory v6_B19 answered
agentmemory v6_B20 answered
agentmemory v6_C01 answered
agentmemory v6_C02 answered
agentmemory v6_C03 answered
agentmemory v6_C04 answered
agentmemory v6_C05 answered
agentmemory v6_C06 answered
agentmemory v6_C07 answered
agentmemory v6_C08 answered
agentmemory v6_C09 answered
agentmemory v6_C10 answered
agentmemory v6_C11 answered
agentmemory v6_C12 answered
agentmemory v6_C13 answered
agentmemory v6_C14 answered
agentmemory v6_C15 answered
agentmemory v6_C16 answered
agentmemory v6_C17 answered
agentmemory v6_C18 answered
agentmemory v6_C19 answered
agentmemory v6_C20 answered
agentmemory v6_D01 answered
agentmemory v6_D02 answered
agentmemory v6_D03 answered
agentmemory v6_D04 answered
agentmemory v6_D05 answered
agentmemory v6_D06 answered
agentmemory v6_D07 answered
agentmemory v6_D08 answered
agentmemory v6_D09 answered
agentmemory v6_D10 answered
agentmemory v6_D11 answered
agentmemory v6_D12 answered
agentmemory v6_D13 answered
agentmemory v6_D14 answered
agentmemory v6_D15 answered
agentmemory v6_D16 answered
agentmemory v6_D17 answered
agentmemory v6_D18 answered
agentmemory v6_D19 answered
agentmemory v6_D20 answered
agentmemory v6_D21 answered
agentmemory v6_D22 answered
agentmemory v6_D23 answered
agentmemory v6_D24 answered
agentmemory v6_D25 answered
agentmemory v6_E01 answered
agentmemory v6_E02 answered
agentmemory v6_E03 answered
agentmemory v6_E04 answered
agentmemory v6_E05 answered
agentmemory v6_E06 answered
agentmemory v6_E07 answered
agentmemory v6_E08 answered
agentmemory v6_E09 answered
agentmemory v6_E10 answered
agentmemory v6_E11 answered
agentmemory v6_E12 answered
agentmemory v6_E13 answered
agentmemory v6_E14 answered
agentmemory v6_E15 answered
agentmemory v6_E16 answered
agentmemory v6_E17 answered
agentmemory v6_E18 answered
agentmemory v6_E19 answered
agentmemory v6_E20 answered
agentmemory v6_E21 answered
agentmemory v6_E22 answered
agentmemory v6_E23 answered
agentmemory v6_E24 answered
agentmemory v6_E25 answered
agentmemory v6_F01 answered
agentmemory v6_F02 answered
agentmemory v6_F03 answered
agentmemory v6_F04 answered
agentmemory v6_F05 answered
agentmemory v6_F06 answered
agentmemory v6_F07 answered
agentmemory v6_F08 answered
agentmemory v6_F09 answered
agentmemory v6_F10 answered
agentmemory v6_F11 answered
agentmemory v6_F12 answered
agentmemory v6_F13 answered
agentmemory v6_F14 answered
agentmemory v6_F15 answered
agentmemory v6_G01 answered
agentmemory v6_G02 answered
agentmemory v6_G03 answered
agentmemory v6_G04 answered
agentmemory v6_G05 answered
agentmemory v6_G06 answered
agentmemory v6_G07 answered
agentmemory v6_G08 answered
agentmemory v6_G09 answered
agentmemory v6_G10 answered
agentmemory v6_G11 answered
agentmemory v6_G12 answered
agentmemory v6_G13 answered
agentmemory v6_G14 answered
agentmemory v6_G15 answered
ai-memory v6_A01 answered
ai-memory v6_A02 answered
ai-memory v6_A03 answered
ai-memory v6_A04 answered
ai-memory v6_A05 answered
ai-memory v6_A06 answered
ai-memory v6_A07 answered
ai-memory v6_A08 answered
ai-memory v6_A09 answered
ai-memory v6_A10 answered
ai-memory v6_A11 answered
ai-memory v6_A12 answered
ai-memory v6_A13 answered
ai-memory v6_A14 answered
ai-memory v6_A15 answered
ai-memory v6_A16 answered
ai-memory v6_A17 answered
ai-memory v6_A18 answered
ai-memory v6_A19 answered
ai-memory v6_A20 answered
ai-memory v6_B01 answered
ai-memory v6_B02 answered
ai-memory v6_B03 answered
ai-memory v6_B04 answered
ai-memory v6_B05 answered
ai-memory v6_B06 answered
ai-memory v6_B07 answered
ai-memory v6_B08 answered
ai-memory v6_B09 answered
ai-memory v6_B10 answered
ai-memory v6_B11 answered
ai-memory v6_B12 answered
ai-memory v6_B13 answered
ai-memory v6_B14 answered
ai-memory v6_B15 answered
ai-memory v6_B16 answered
ai-memory v6_B17 answered
ai-memory v6_B18 answered
ai-memory v6_B19 answered
ai-memory v6_B20 answered
ai-memory v6_C01 answered
ai-memory v6_C02 answered
ai-memory v6_C03 answered
ai-memory v6_C04 answered
ai-memory v6_C05 answered
ai-memory v6_C06 answered
ai-memory v6_C07 answered
ai-memory v6_C08 answered
ai-memory v6_C09 answered
ai-memory v6_C10 answered
ai-memory v6_C11 answered
ai-memory v6_C12 answered
ai-memory v6_C13 answered
ai-memory v6_C14 answered
ai-memory v6_C15 answered
ai-memory v6_C16 answered
ai-memory v6_C17 answered
ai-memory v6_C18 answered
ai-memory v6_C19 answered
ai-memory v6_C20 answered
ai-memory v6_D01 answered
ai-memory v6_D02 answered
ai-memory v6_D03 answered
ai-memory v6_D04 answered
ai-memory v6_D05 answered
ai-memory v6_D06 answered
ai-memory v6_D07 answered
ai-memory v6_D08 answered
ai-memory v6_D09 answered
ai-memory v6_D10 answered
ai-memory v6_D11 answered
ai-memory v6_D12 answered
ai-memory v6_D13 answered
ai-memory v6_D14 answered
ai-memory v6_D15 answered
ai-memory v6_D16 answered
ai-memory v6_D17 answered
ai-memory v6_D18 answered
ai-memory v6_D19 answered
ai-memory v6_D20 answered
ai-memory v6_D21 answered
ai-memory v6_D22 answered
ai-memory v6_D23 answered
ai-memory v6_D24 answered
ai-memory v6_D25 answered
ai-memory v6_E01 answered
ai-memory v6_E02 answered
ai-memory v6_E03 answered
ai-memory v6_E04 answered
ai-memory v6_E05 answered
ai-memory v6_E06 answered
ai-memory v6_E07 answered
ai-memory v6_E08 answered
ai-memory v6_E09 answered
ai-memory v6_E10 answered
ai-memory v6_E11 answered
ai-memory v6_E12 answered
ai-memory v6_E13 answered
ai-memory v6_E14 answered
ai-memory v6_E15 answered
ai-memory v6_E16 answered
ai-memory v6_E17 answered
ai-memory v6_E18 answered
ai-memory v6_E19 answered
ai-memory v6_E20 answered
ai-memory v6_E21 answered
ai-memory v6_E22 answered
ai-memory v6_E23 answered
ai-memory v6_E24 answered
ai-memory v6_E25 answered
ai-memory v6_F01 answered
ai-memory v6_F02 answered
ai-memory v6_F03 answered
ai-memory v6_F04 answered
ai-memory v6_F05 answered
ai-memory v6_F06 answered
ai-memory v6_F07 answered
ai-memory v6_F08 answered
ai-memory v6_F09 answered
ai-memory v6_F10 answered
ai-memory v6_F11 answered
ai-memory v6_F12 answered
ai-memory v6_F13 answered
ai-memory v6_F14 answered
ai-memory v6_F15 answered
ai-memory v6_G01 answered
ai-memory v6_G02 answered
ai-memory v6_G03 answered
ai-memory v6_G04 answered
ai-memory v6_G05 answered
ai-memory v6_G06 answered
ai-memory v6_G07 answered
ai-memory v6_G08 answered
ai-memory v6_G09 answered
ai-memory v6_G10 answered
ai-memory v6_G11 answered
ai-memory v6_G12 answered
ai-memory v6_G13 answered
ai-memory v6_G14 answered
ai-memory v6_G15 answered
