=== rag 18:50:20
Loading weights:   0%|          | 0/199 [00:00<?, ?it/s]Loading weights: 100%|██████████| 199/199 [00:00<00:00, 7486.54it/s]
v6_A01 rag ok 5.59 s
v6_A02 rag ok 0.04 s
v6_A03 rag ok 0.04 s
v6_A04 rag ok 0.04 s
v6_A05 rag ok 0.05 s
v6_A06 rag ok 0.04 s
v6_A07 rag ok 0.04 s
v6_A08 rag ok 0.04 s
v6_A09 rag ok 0.04 s
v6_A10 rag ok 0.04 s
v6_A11 rag ok 0.04 s
v6_A12 rag ok 0.04 s
v6_A13 rag ok 0.04 s
v6_A14 rag ok 0.04 s
v6_A15 rag ok 0.04 s
v6_A16 rag ok 0.04 s
v6_A17 rag ok 0.04 s
v6_A18 rag ok 0.04 s
v6_A19 rag ok 0.04 s
v6_A20 rag ok 0.05 s
v6_B01 rag ok 0.05 s
v6_B02 rag ok 0.05 s
v6_B03 rag ok 0.05 s
v6_B04 rag ok 0.05 s
v6_B05 rag ok 0.05 s
v6_B06 rag ok 0.05 s
v6_B07 rag ok 0.05 s
v6_B08 rag ok 0.05 s
v6_B09 rag ok 0.05 s
v6_B10 rag ok 0.05 s
v6_B11 rag ok 0.05 s
v6_B12 rag ok 0.05 s
v6_B13 rag ok 0.05 s
v6_B14 rag ok 0.05 s
v6_B15 rag ok 0.05 s
v6_B16 rag ok 0.05 s
v6_B17 rag ok 0.05 s
v6_B18 rag ok 0.05 s
v6_B19 rag ok 0.05 s
v6_B20 rag ok 0.05 s
v6_C01 rag ok 0.03 s
v6_C02 rag ok 0.03 s
v6_C03 rag ok 0.05 s
v6_C04 rag ok 0.04 s
v6_C05 rag ok 0.03 s
v6_C06 rag ok 0.05 s
v6_C07 rag ok 0.05 s
v6_C08 rag ok 0.04 s
v6_C09 rag ok 0.05 s
v6_C10 rag ok 0.05 s
v6_C11 rag ok 0.03 s
v6_C12 rag ok 0.04 s
v6_C13 rag ok 0.04 s
v6_C14 rag ok 0.03 s
v6_C15 rag ok 0.03 s
v6_C16 rag ok 0.04 s
v6_C17 rag ok 0.03 s
v6_C18 rag ok 0.04 s
v6_C19 rag ok 0.03 s
v6_C20 rag ok 0.04 s
v6_D01 rag ok 0.05 s
v6_D02 rag ok 0.05 s
v6_D03 rag ok 0.05 s
v6_D04 rag ok 0.05 s
v6_D05 rag ok 0.05 s
v6_D06 rag ok 0.05 s
v6_D07 rag ok 0.05 s
v6_D08 rag ok 0.05 s
v6_D09 rag ok 0.04 s
v6_D10 rag ok 0.05 s
v6_D11 rag ok 0.05 s
v6_D12 rag ok 0.05 s
v6_D13 rag ok 0.05 s
v6_D14 rag ok 0.05 s
v6_D15 rag ok 0.05 s
v6_D16 rag ok 0.05 s
v6_D17 rag ok 0.05 s
v6_D18 rag ok 0.05 s
v6_D19 rag ok 0.05 s
v6_D20 rag ok 0.04 s
v6_D21 rag ok 0.05 s
v6_D22 rag ok 0.05 s
v6_D23 rag ok 0.05 s
v6_D24 rag ok 0.05 s
v6_D25 rag ok 0.05 s
v6_E01 rag ok 0.05 s
v6_E02 rag ok 0.05 s
v6_E03 rag ok 0.04 s
v6_E04 rag ok 0.04 s
v6_E05 rag ok 0.04 s
v6_E06 rag ok 0.04 s
v6_E07 rag ok 0.04 s
v6_E08 rag ok 0.04 s
v6_E09 rag ok 0.04 s
v6_E10 rag ok 0.03 s
v6_E11 rag ok 0.04 s
v6_E12 rag ok 0.04 s
v6_E13 rag ok 0.04 s
v6_E14 rag ok 0.04 s
v6_E15 rag ok 0.04 s
v6_E16 rag ok 0.04 s
v6_E17 rag ok 0.04 s
v6_E18 rag ok 0.05 s
v6_E19 rag ok 0.04 s
v6_E20 rag ok 0.04 s
v6_E21 rag ok 0.04 s
v6_E22 rag ok 0.04 s
v6_E23 rag ok 0.04 s
v6_E24 rag ok 0.04 s
v6_E25 rag ok 0.04 s
v6_F01 rag ok 0.04 s
v6_F02 rag ok 0.04 s
v6_F03 rag ok 0.04 s
v6_F04 rag ok 0.04 s
v6_F05 rag ok 0.04 s
v6_F06 rag ok 0.04 s
v6_F07 rag ok 0.04 s
v6_F08 rag ok 0.04 s
v6_F09 rag ok 0.04 s
v6_F10 rag ok 0.04 s
v6_F11 rag ok 0.04 s
v6_F12 rag ok 0.04 s
v6_F13 rag ok 0.04 s
v6_F14 rag ok 0.04 s
v6_F15 rag ok 0.04 s
v6_G01 rag ok 0.03 s
v6_G02 rag ok 0.03 s
v6_G03 rag ok 0.02 s
v6_G04 rag ok 0.02 s
v6_G05 rag ok 0.03 s
v6_G06 rag ok 0.02 s
v6_G07 rag ok 0.03 s
v6_G08 rag ok 0.03 s
v6_G09 rag ok 0.02 s
v6_G10 rag ok 0.02 s
v6_G11 rag ok 0.03 s
v6_G12 rag ok 0.02 s
v6_G13 rag ok 0.03 s
v6_G14 rag ok 0.03 s
v6_G15 rag ok 0.03 s
=== ours 18:50:32
v6_A01 sourcedrecall ok 6.05 s
v6_A02 sourcedrecall ok 2.38 s
v6_A03 sourcedrecall ok 2.19 s
v6_A04 sourcedrecall ok 1.96 s
v6_A05 sourcedrecall ok 2.06 s
v6_A06 sourcedrecall ok 2.33 s
v6_A07 sourcedrecall ok 2.1 s
v6_A08 sourcedrecall ok 1.95 s
v6_A09 sourcedrecall ok 2.24 s
v6_A10 sourcedrecall ok 2.36 s
v6_A11 sourcedrecall ok 1.97 s
v6_A12 sourcedrecall ok 1.97 s
v6_A13 sourcedrecall ok 2.08 s
v6_A14 sourcedrecall ok 2.26 s
v6_A15 sourcedrecall ok 1.97 s
v6_A16 sourcedrecall ok 2.19 s
v6_A17 sourcedrecall ok 1.89 s
v6_A18 sourcedrecall ok 1.8 s
v6_A19 sourcedrecall ok 1.99 s
v6_A20 sourcedrecall ok 2.22 s
v6_B01 sourcedrecall ok 2.26 s
v6_B02 sourcedrecall ok 1.95 s
v6_B03 sourcedrecall ok 1.84 s
v6_B04 sourcedrecall ok 2.48 s
v6_B05 sourcedrecall ok 2.03 s
v6_B06 sourcedrecall ok 2.02 s
v6_B07 sourcedrecall ok 2.31 s
v6_B08 sourcedrecall ok 2.01 s
v6_B09 sourcedrecall ok 1.81 s
v6_B10 sourcedrecall ok 1.9 s
v6_B11 sourcedrecall ok 2.05 s
v6_B12 sourcedrecall ok 2.31 s
v6_B13 sourcedrecall ok 2.53 s
v6_B14 sourcedrecall ok 1.79 s
v6_B15 sourcedrecall ok 1.75 s
v6_B16 sourcedrecall ok 2.23 s
v6_B17 sourcedrecall ok 2.03 s
v6_B18 sourcedrecall ok 1.78 s
v6_B19 sourcedrecall ok 1.78 s
v6_B20 sourcedrecall ok 1.93 s
v6_C01 sourcedrecall ok 2.0 s
v6_C02 sourcedrecall ok 1.96 s
v6_C03 sourcedrecall ok 1.72 s
v6_C04 sourcedrecall ok 1.92 s
v6_C05 sourcedrecall ok 1.79 s
v6_C06 sourcedrecall ok 1.69 s
v6_C07 sourcedrecall ok 1.81 s
v6_C08 sourcedrecall ok 1.95 s
v6_C09 sourcedrecall ok 1.92 s
v6_C10 sourcedrecall ok 1.69 s
v6_C11 sourcedrecall ok 1.61 s
v6_C12 sourcedrecall ok 2.02 s
v6_C13 sourcedrecall ok 2.01 s
v6_C14 sourcedrecall ok 1.66 s
v6_C15 sourcedrecall ok 1.83 s
v6_C16 sourcedrecall ok 1.73 s
v6_C17 sourcedrecall ok 1.62 s
v6_C18 sourcedrecall ok 1.59 s
v6_C19 sourcedrecall ok 1.61 s
v6_C20 sourcedrecall ok 2.03 s
v6_D01 sourcedrecall ok 1.96 s
v6_D02 sourcedrecall ok 1.94 s
v6_D03 sourcedrecall ok 2.08 s
v6_D04 sourcedrecall ok 1.81 s
v6_D05 sourcedrecall ok 2.2 s
v6_D06 sourcedrecall ok 1.98 s
v6_D07 sourcedrecall ok 1.8 s
v6_D08 sourcedrecall ok 1.79 s
v6_D09 sourcedrecall ok 1.92 s
v6_D10 sourcedrecall ok 2.21 s
v6_D11 sourcedrecall ok 1.74 s
v6_D12 sourcedrecall ok 2.03 s
v6_D13 sourcedrecall ok 1.79 s
v6_D14 sourcedrecall ok 2.57 s
v6_D15 sourcedrecall ok 2.03 s
v6_D16 sourcedrecall ok 2.27 s
v6_D17 sourcedrecall ok 2.04 s
v6_D18 sourcedrecall ok 2.02 s
v6_D19 sourcedrecall ok 1.87 s
v6_D20 sourcedrecall ok 1.75 s
v6_D21 sourcedrecall ok 1.63 s
v6_D22 sourcedrecall ok 1.91 s
v6_D23 sourcedrecall ok 2.21 s
v6_D24 sourcedrecall ok 1.8 s
v6_D25 sourcedrecall ok 1.96 s
v6_E01 sourcedrecall ok 1.9 s
v6_E02 sourcedrecall ok 1.76 s
v6_E03 sourcedrecall ok 1.98 s
v6_E04 sourcedrecall ok 2.09 s
v6_E05 sourcedrecall ok 2.03 s
v6_E06 sourcedrecall ok 2.05 s
v6_E07 sourcedrecall ok 1.73 s
v6_E08 sourcedrecall ok 2.11 s
v6_E09 sourcedrecall ok 2.03 s
v6_E10 sourcedrecall ok 1.75 s
v6_E11 sourcedrecall ok 1.91 s
v6_E12 sourcedrecall ok 1.76 s
v6_E13 sourcedrecall ok 1.74 s
v6_E14 sourcedrecall ok 1.96 s
v6_E15 sourcedrecall ok 2.07 s
v6_E16 sourcedrecall ok 1.83 s
v6_E17 sourcedrecall ok 1.92 s
v6_E18 sourcedrecall ok 1.98 s
v6_E19 sourcedrecall ok 1.89 s
v6_E20 sourcedrecall ok 2.11 s
v6_E21 sourcedrecall ok 2.03 s
v6_E22 sourcedrecall ok 1.99 s
v6_E23 sourcedrecall ok 1.86 s
v6_E24 sourcedrecall ok 2.12 s
v6_E25 sourcedrecall ok 2.12 s
v6_F01 sourcedrecall ok 2.26 s
v6_F02 sourcedrecall ok 2.0 s
v6_F03 sourcedrecall ok 2.21 s
v6_F04 sourcedrecall ok 2.32 s
v6_F05 sourcedrecall ok 2.1 s
v6_F06 sourcedrecall ok 1.95 s
v6_F07 sourcedrecall ok 1.97 s
v6_F08 sourcedrecall ok 2.4 s
v6_F09 sourcedrecall ok 2.05 s
v6_F10 sourcedrecall ok 2.37 s
v6_F11 sourcedrecall ok 2.09 s
v6_F12 sourcedrecall ok 2.42 s
v6_F13 sourcedrecall ok 1.81 s
v6_F14 sourcedrecall ok 1.94 s
v6_F15 sourcedrecall ok 2.02 s
v6_G01 sourcedrecall ok 2.08 s
v6_G02 sourcedrecall ok 1.86 s
v6_G03 sourcedrecall ok 1.72 s
v6_G04 sourcedrecall ok 1.94 s
v6_G05 sourcedrecall ok 2.02 s
v6_G06 sourcedrecall ok 1.7 s
v6_G07 sourcedrecall ok 1.75 s
v6_G08 sourcedrecall ok 1.7 s
v6_G09 sourcedrecall ok 2.03 s
v6_G10 sourcedrecall ok 1.98 s
v6_G11 sourcedrecall ok 1.81 s
v6_G12 sourcedrecall ok 1.9 s
v6_G13 sourcedrecall ok 1.76 s
v6_G14 sourcedrecall ok 1.73 s
v6_G15 sourcedrecall ok 2.04 s
v6_A01 agentmemory error 0.0 s
v6_A02 agentmemory error 0.0 s
v6_A03 agentmemory error 0.0 s
v6_A04 agentmemory error 0.0 s
v6_A05 agentmemory error 0.0 s
v6_A06 agentmemory error 0.0 s
v6_A07 agentmemory error 0.0 s
v6_A08 agentmemory error 0.0 s
v6_A09 agentmemory error 0.0 s
v6_A10 agentmemory error 0.0 s
v6_A11 agentmemory error 0.0 s
v6_A12 agentmemory error 0.0 s
v6_A13 agentmemory error 0.0 s
v6_A14 agentmemory error 0.0 s
v6_A15 agentmemory error 0.0 s
v6_A16 agentmemory error 0.0 s
v6_A17 agentmemory error 0.0 s
v6_A18 agentmemory error 0.0 s
v6_A19 agentmemory error 0.0 s
v6_A20 agentmemory error 0.0 s
v6_B01 agentmemory error 0.0 s
v6_B02 agentmemory error 0.0 s
v6_B03 agentmemory error 0.0 s
v6_B04 agentmemory error 0.0 s
v6_B05 agentmemory error 0.0 s
v6_B06 agentmemory error 0.0 s
v6_B07 agentmemory error 0.0 s
v6_B08 agentmemory error 0.0 s
v6_B09 agentmemory error 0.0 s
v6_B10 agentmemory error 0.0 s
v6_B11 agentmemory error 0.0 s
v6_B12 agentmemory error 0.0 s
v6_B13 agentmemory error 0.0 s
v6_B14 agentmemory error 0.0 s
v6_B15 agentmemory error 0.0 s
v6_B16 agentmemory error 0.0 s
v6_B17 agentmemory error 0.0 s
v6_B18 agentmemory error 0.0 s
v6_B19 agentmemory error 0.0 s
v6_B20 agentmemory error 0.0 s
v6_C01 agentmemory error 0.0 s
v6_C02 agentmemory error 0.0 s
v6_C03 agentmemory error 0.0 s
v6_C04 agentmemory error 0.0 s
v6_C05 agentmemory error 0.0 s
v6_C06 agentmemory error 0.0 s
v6_C07 agentmemory error 0.0 s
v6_C08 agentmemory error 0.0 s
v6_C09 agentmemory error 0.0 s
v6_C10 agentmemory error 0.0 s
v6_C11 agentmemory error 0.0 s
v6_C12 agentmemory error 0.0 s
v6_C13 agentmemory error 0.0 s
v6_C14 agentmemory error 0.0 s
v6_C15 agentmemory error 0.0 s
v6_C16 agentmemory error 0.0 s
v6_C17 agentmemory error 0.0 s
v6_C18 agentmemory error 0.0 s
v6_C19 agentmemory error 0.0 s
v6_C20 agentmemory error 0.0 s
v6_D01 agentmemory error 0.0 s
v6_D02 agentmemory error 0.0 s
v6_D03 agentmemory error 0.0 s
v6_D04 agentmemory error 0.0 s
v6_D05 agentmemory error 0.0 s
v6_D06 agentmemory error 0.0 s
v6_D07 agentmemory error 0.0 s
v6_D08 agentmemory error 0.0 s
v6_D09 agentmemory error 0.0 s
v6_D10 agentmemory error 0.0 s
v6_D11 agentmemory error 0.0 s
v6_D12 agentmemory error 0.0 s
v6_D13 agentmemory error 0.0 s
v6_D14 agentmemory error 0.0 s
v6_D15 agentmemory error 0.0 s
v6_D16 agentmemory error 0.0 s
v6_D17 agentmemory error 0.0 s
v6_D18 agentmemory error 0.0 s
v6_D19 agentmemory error 0.0 s
v6_D20 agentmemory error 0.0 s
v6_D21 agentmemory error 0.0 s
v6_D22 agentmemory error 0.0 s
v6_D23 agentmemory error 0.0 s
v6_D24 agentmemory error 0.0 s
v6_D25 agentmemory error 0.0 s
v6_E01 agentmemory error 0.0 s
v6_E02 agentmemory error 0.0 s
v6_E03 agentmemory error 0.0 s
v6_E04 agentmemory error 0.0 s
v6_E05 agentmemory error 0.0 s
v6_E06 agentmemory error 0.0 s
v6_E07 agentmemory error 0.0 s
v6_E08 agentmemory error 0.0 s
v6_E09 agentmemory error 0.0 s
v6_E10 agentmemory error 0.0 s
v6_E11 agentmemory error 0.0 s
v6_E12 agentmemory error 0.0 s
v6_E13 agentmemory error 0.0 s
v6_E14 agentmemory error 0.0 s
v6_E15 agentmemory error 0.0 s
v6_E16 agentmemory error 0.0 s
v6_E17 agentmemory error 0.0 s
v6_E18 agentmemory error 0.0 s
v6_E19 agentmemory error 0.0 s
v6_E20 agentmemory error 0.0 s
v6_E21 agentmemory error 0.0 s
v6_E22 agentmemory error 0.0 s
v6_E23 agentmemory error 0.0 s
v6_E24 agentmemory error 0.0 s
v6_E25 agentmemory error 0.0 s
v6_F01 agentmemory error 0.0 s
v6_F02 agentmemory error 0.0 s
v6_F03 agentmemory error 0.0 s
v6_F04 agentmemory error 0.0 s
v6_F05 agentmemory error 0.0 s
v6_F06 agentmemory error 0.0 s
v6_F07 agentmemory error 0.0 s
v6_F08 agentmemory error 0.0 s
v6_F09 agentmemory error 0.0 s
v6_F10 agentmemory error 0.0 s
v6_F11 agentmemory error 0.0 s
v6_F12 agentmemory error 0.0 s
v6_F13 agentmemory error 0.0 s
v6_F14 agentmemory error 0.0 s
v6_F15 agentmemory error 0.0 s
v6_G01 agentmemory error 0.0 s
v6_G02 agentmemory error 0.0 s
v6_G03 agentmemory error 0.0 s
v6_G04 agentmemory error 0.0 s
v6_G05 agentmemory error 0.0 s
v6_G06 agentmemory error 0.0 s
v6_G07 agentmemory error 0.0 s
v6_G08 agentmemory error 0.0 s
v6_G09 agentmemory error 0.0 s
v6_G10 agentmemory error 0.0 s
v6_G11 agentmemory error 0.0 s
v6_G12 agentmemory error 0.0 s
v6_G13 agentmemory error 0.0 s
v6_G14 agentmemory error 0.0 s
v6_G15 agentmemory error 0.0 s
v6_A01 ai-memory error 0.0 s
v6_A02 ai-memory error 0.0 s
v6_A03 ai-memory error 0.0 s
v6_A04 ai-memory error 0.0 s
v6_A05 ai-memory error 0.0 s
v6_A06 ai-memory error 0.0 s
v6_A07 ai-memory error 0.0 s
v6_A08 ai-memory error 0.0 s
v6_A09 ai-memory error 0.0 s
v6_A10 ai-memory error 0.0 s
v6_A11 ai-memory error 0.0 s
v6_A12 ai-memory error 0.0 s
v6_A13 ai-memory error 0.0 s
v6_A14 ai-memory error 0.0 s
v6_A15 ai-memory error 0.0 s
v6_A16 ai-memory error 0.0 s
v6_A17 ai-memory error 0.0 s
v6_A18 ai-memory error 0.0 s
v6_A19 ai-memory error 0.0 s
v6_A20 ai-memory error 0.0 s
v6_B01 ai-memory error 0.0 s
v6_B02 ai-memory error 0.0 s
v6_B03 ai-memory error 0.0 s
v6_B04 ai-memory error 0.0 s
v6_B05 ai-memory error 0.0 s
v6_B06 ai-memory error 0.0 s
v6_B07 ai-memory error 0.0 s
v6_B08 ai-memory error 0.0 s
v6_B09 ai-memory error 0.0 s
v6_B10 ai-memory error 0.0 s
v6_B11 ai-memory error 0.0 s
v6_B12 ai-memory error 0.0 s
v6_B13 ai-memory error 0.0 s
v6_B14 ai-memory error 0.0 s
v6_B15 ai-memory error 0.0 s
v6_B16 ai-memory error 0.0 s
v6_B17 ai-memory error 0.0 s
v6_B18 ai-memory error 0.0 s
v6_B19 ai-memory error 0.0 s
v6_B20 ai-memory error 0.0 s
v6_C01 ai-memory error 0.0 s
v6_C02 ai-memory error 0.0 s
v6_C03 ai-memory error 0.0 s
v6_C04 ai-memory error 0.0 s
v6_C05 ai-memory error 0.0 s
v6_C06 ai-memory error 0.0 s
v6_C07 ai-memory error 0.0 s
v6_C08 ai-memory error 0.0 s
v6_C09 ai-memory error 0.0 s
v6_C10 ai-memory error 0.0 s
v6_C11 ai-memory error 0.0 s
v6_C12 ai-memory error 0.0 s
v6_C13 ai-memory error 0.0 s
v6_C14 ai-memory error 0.0 s
v6_C15 ai-memory error 0.0 s
v6_C16 ai-memory error 0.0 s
v6_C17 ai-memory error 0.0 s
v6_C18 ai-memory error 0.0 s
v6_C19 ai-memory error 0.0 s
v6_C20 ai-memory error 0.0 s
v6_D01 ai-memory error 0.0 s
v6_D02 ai-memory error 0.0 s
v6_D03 ai-memory error 0.0 s
v6_D04 ai-memory error 0.0 s
v6_D05 ai-memory error 0.0 s
v6_D06 ai-memory error 0.0 s
v6_D07 ai-memory error 0.0 s
v6_D08 ai-memory error 0.0 s
v6_D09 ai-memory error 0.0 s
v6_D10 ai-memory error 0.0 s
v6_D11 ai-memory error 0.0 s
v6_D12 ai-memory error 0.0 s
v6_D13 ai-memory error 0.0 s
v6_D14 ai-memory error 0.0 s
v6_D15 ai-memory error 0.0 s
v6_D16 ai-memory error 0.0 s
v6_D17 ai-memory error 0.0 s
v6_D18 ai-memory error 0.0 s
v6_D19 ai-memory error 0.0 s
v6_D20 ai-memory error 0.0 s
v6_D21 ai-memory error 0.0 s
v6_D22 ai-memory error 0.0 s
v6_D23 ai-memory error 0.0 s
v6_D24 ai-memory error 0.0 s
v6_D25 ai-memory error 0.0 s
v6_E01 ai-memory error 0.0 s
v6_E02 ai-memory error 0.0 s
v6_E03 ai-memory error 0.0 s
v6_E04 ai-memory error 0.0 s
v6_E05 ai-memory error 0.0 s
v6_E06 ai-memory error 0.0 s
v6_E07 ai-memory error 0.0 s
v6_E08 ai-memory error 0.0 s
v6_E09 ai-memory error 0.0 s
v6_E10 ai-memory error 0.0 s
v6_E11 ai-memory error 0.0 s
v6_E12 ai-memory error 0.0 s
v6_E13 ai-memory error 0.0 s
v6_E14 ai-memory error 0.0 s
v6_E15 ai-memory error 0.0 s
v6_E16 ai-memory error 0.0 s
v6_E17 ai-memory error 0.0 s
v6_E18 ai-memory error 0.0 s
v6_E19 ai-memory error 0.0 s
v6_E20 ai-memory error 0.0 s
v6_E21 ai-memory error 0.0 s
v6_E22 ai-memory error 0.0 s
v6_E23 ai-memory error 0.0 s
v6_E24 ai-memory error 0.0 s
v6_E25 ai-memory error 0.0 s
v6_F01 ai-memory error 0.0 s
v6_F02 ai-memory error 0.0 s
v6_F03 ai-memory error 0.0 s
v6_F04 ai-memory error 0.0 s
v6_F05 ai-memory error 0.0 s
v6_F06 ai-memory error 0.0 s
v6_F07 ai-memory error 0.0 s
v6_F08 ai-memory error 0.0 s
v6_F09 ai-memory error 0.0 s
v6_F10 ai-memory error 0.0 s
v6_F11 ai-memory error 0.0 s
v6_F12 ai-memory error 0.0 s
v6_F13 ai-memory error 0.0 s
v6_F14 ai-memory error 0.0 s
v6_F15 ai-memory error 0.0 s
v6_G01 ai-memory error 0.0 s
v6_G02 ai-memory error 0.0 s
v6_G03 ai-memory error 0.0 s
v6_G04 ai-memory error 0.0 s
v6_G05 ai-memory error 0.0 s
v6_G06 ai-memory error 0.0 s
v6_G07 ai-memory error 0.0 s
v6_G08 ai-memory error 0.0 s
v6_G09 ai-memory error 0.0 s
v6_G10 ai-memory error 0.0 s
v6_G11 ai-memory error 0.0 s
v6_G12 ai-memory error 0.0 s
v6_G13 ai-memory error 0.0 s
v6_G14 ai-memory error 0.0 s
v6_G15 ai-memory error 0.0 s
