Traceback (most recent call last):
  File "/Users/chrismarmo/jpwork/sdr-v6/bench/false_memory/run_system.py", line 104, in <module>
    main()
  File "/Users/chrismarmo/jpwork/sdr-v6/bench/false_memory/run_system.py", line 68, in main
    wd = tempfile.mkdtemp(prefix=f"fm_{a.system}_{c['id']}_", dir=a.scratch)
         ^^^^^^^^^^^^^^^^^^^^^^^^^^^^^^^^^^^^^^^^^^^^^^^^^^^^^^^^^^^^^^^^^^^
  File "/opt/homebrew/Cellar/python@3.12/3.12.13_4/Frameworks/Python.framework/Versions/3.12/lib/python3.12/tempfile.py", line 384, in mkdtemp
    _os.mkdir(file, 0o700)
FileNotFoundError: [Errno 2] No such file or directory: '/Users/chrismarmo/jpwork/h2h/scratch_v6/fm_agentmemory_v6_A01_dz8hd5ot'
Traceback (most recent call last):
  File "/Users/chrismarmo/jpwork/sdr-v6/bench/false_memory/run_system.py", line 104, in <module>
    main()
  File "/Users/chrismarmo/jpwork/sdr-v6/bench/false_memory/run_system.py", line 68, in main
    wd = tempfile.mkdtemp(prefix=f"fm_{a.system}_{c['id']}_", dir=a.scratch)
         ^^^^^^^^^^^^^^^^^^^^^^^^^^^^^^^^^^^^^^^^^^^^^^^^^^^^^^^^^^^^^^^^^^^
  File "/opt/homebrew/Cellar/python@3.12/3.12.13_4/Frameworks/Python.framework/Versions/3.12/lib/python3.12/tempfile.py", line 384, in mkdtemp
    _os.mkdir(file, 0o700)
FileNotFoundError: [Errno 2] No such file or directory: '/Users/chrismarmo/jpwork/h2h/scratch_v6/fm_ai-memory_v6_A01_83qig4ah'
v6_A01 agentmemory ok 3.32 s
v6_A02 agentmemory ok 3.29 s
v6_A03 agentmemory ok 3.3 s
v6_A04 agentmemory ok 3.28 s
v6_A05 agentmemory ok 3.3 s
v6_A06 agentmemory ok 3.31 s
v6_A07 agentmemory ok 3.3 s
v6_A08 agentmemory ok 3.27 s
v6_A09 agentmemory ok 3.29 s
v6_A10 agentmemory ok 3.3 s
v6_A11 agentmemory ok 3.28 s
v6_A12 agentmemory ok 3.3 s
v6_A13 agentmemory ok 3.29 s
v6_A14 agentmemory ok 3.3 s
v6_A15 agentmemory ok 3.29 s
v6_A16 agentmemory ok 3.28 s
v6_A17 agentmemory ok 3.3 s
v6_A18 agentmemory ok 3.31 s
v6_A19 agentmemory ok 3.29 s
v6_A20 agentmemory ok 3.36 s
v6_B01 agentmemory ok 3.29 s
v6_B02 agentmemory ok 3.32 s
v6_B03 agentmemory ok 3.3 s
v6_B04 agentmemory ok 3.28 s
v6_B05 agentmemory ok 3.29 s
v6_B06 agentmemory ok 3.3 s
v6_B07 agentmemory ok 3.31 s
v6_B08 agentmemory ok 3.27 s
v6_B09 agentmemory ok 3.32 s
v6_B10 agentmemory ok 3.3 s
v6_B11 agentmemory ok 3.31 s
v6_B12 agentmemory ok 3.3 s
v6_B13 agentmemory ok 3.31 s
v6_B14 agentmemory ok 3.29 s
v6_B15 agentmemory ok 3.3 s
v6_B16 agentmemory ok 3.3 s
v6_B17 agentmemory ok 3.28 s
v6_B18 agentmemory ok 3.29 s
v6_B19 agentmemory ok 3.29 s
v6_B20 agentmemory ok 3.29 s
v6_C01 agentmemory ok 3.31 s
v6_C02 agentmemory ok 3.28 s
v6_C03 agentmemory ok 3.32 s
v6_C04 agentmemory ok 3.28 s
v6_C05 agentmemory ok 3.29 s
v6_C06 agentmemory ok 3.29 s
v6_C07 agentmemory ok 3.3 s
v6_C08 agentmemory ok 3.29 s
v6_C09 agentmemory ok 3.29 s
v6_C10 agentmemory ok 3.3 s
v6_C11 agentmemory ok 3.28 s
v6_C12 agentmemory ok 3.3 s
v6_C13 agentmemory ok 3.29 s
v6_C14 agentmemory ok 3.28 s
v6_C15 agentmemory ok 3.29 s
v6_C16 agentmemory ok 3.28 s
v6_C17 agentmemory ok 3.31 s
v6_C18 agentmemory ok 3.28 s
v6_C19 agentmemory ok 3.28 s
v6_C20 agentmemory ok 3.29 s
v6_D01 agentmemory ok 3.27 s
v6_D02 agentmemory ok 3.32 s
v6_D03 agentmemory ok 3.31 s
v6_D04 agentmemory ok 3.28 s
v6_D05 agentmemory ok 3.28 s
v6_D06 agentmemory ok 3.3 s
v6_D07 agentmemory ok 3.29 s
v6_D08 agentmemory ok 3.3 s
v6_D09 agentmemory ok 3.27 s
v6_D10 agentmemory ok 3.26 s
v6_D11 agentmemory ok 3.26 s
v6_D12 agentmemory ok 3.29 s
v6_D13 agentmemory ok 3.28 s
v6_D14 agentmemory ok 3.27 s
v6_D15 agentmemory ok 3.29 s
v6_D16 agentmemory ok 3.29 s
v6_D17 agentmemory ok 3.29 s
v6_D18 agentmemory ok 3.27 s
v6_D19 agentmemory ok 3.29 s
v6_D20 agentmemory ok 3.28 s
v6_D21 agentmemory ok 3.28 s
v6_D22 agentmemory ok 3.29 s
v6_D23 agentmemory ok 3.27 s
v6_D24 agentmemory ok 3.29 s
v6_D25 agentmemory ok 3.28 s
v6_E01 agentmemory ok 3.34 s
v6_E02 agentmemory ok 3.29 s
v6_E03 agentmemory ok 3.29 s
v6_E04 agentmemory ok 3.31 s
v6_E05 agentmemory ok 3.29 s
v6_E06 agentmemory ok 3.27 s
v6_E07 agentmemory ok 3.29 s
v6_E08 agentmemory ok 3.28 s
v6_E09 agentmemory ok 3.28 s
v6_E10 agentmemory ok 3.28 s
v6_E11 agentmemory ok 3.27 s
v6_E12 agentmemory ok 3.28 s
v6_E13 agentmemory ok 3.27 s
v6_E14 agentmemory ok 3.27 s
v6_E15 agentmemory ok 3.3 s
v6_E16 agentmemory ok 3.27 s
v6_E17 agentmemory ok 3.29 s
v6_E18 agentmemory ok 3.28 s
v6_E19 agentmemory ok 3.29 s
v6_E20 agentmemory ok 3.29 s
v6_E21 agentmemory ok 3.32 s
v6_E22 agentmemory ok 3.28 s
v6_E23 agentmemory ok 3.29 s
v6_E24 agentmemory ok 3.3 s
v6_E25 agentmemory ok 3.31 s
v6_F01 agentmemory ok 3.3 s
v6_F02 agentmemory ok 3.31 s
v6_F03 agentmemory ok 3.28 s
v6_F04 agentmemory ok 3.29 s
v6_F05 agentmemory ok 3.3 s
v6_F06 agentmemory ok 3.29 s
v6_F07 agentmemory ok 3.31 s
v6_F08 agentmemory ok 3.29 s
v6_F09 agentmemory ok 3.3 s
v6_F10 agentmemory ok 3.3 s
v6_F11 agentmemory ok 3.31 s
v6_F12 agentmemory ok 3.41 s
v6_F13 agentmemory ok 3.37 s
v6_F14 agentmemory ok 3.33 s
v6_F15 agentmemory ok 3.31 s
v6_G01 agentmemory ok 3.31 s
v6_G02 agentmemory ok 3.29 s
v6_G03 agentmemory ok 3.29 s
v6_G04 agentmemory ok 3.28 s
v6_G05 agentmemory ok 3.31 s
v6_G06 agentmemory ok 3.29 s
v6_G07 agentmemory ok 3.28 s
v6_G08 agentmemory ok 3.33 s
v6_G09 agentmemory ok 3.3 s
v6_G10 agentmemory ok 3.27 s
v6_G11 agentmemory ok 3.29 s
v6_G12 agentmemory ok 3.29 s
v6_G13 agentmemory ok 3.32 s
v6_G14 agentmemory ok 3.27 s
v6_G15 agentmemory ok 3.29 s
v6_A01 ai-memory ok 3.88 s
v6_A02 ai-memory ok 3.52 s
v6_A03 ai-memory ok 3.53 s
v6_A04 ai-memory ok 3.47 s
v6_A05 ai-memory ok 3.41 s
v6_A06 ai-memory ok 3.52 s
v6_A07 ai-memory ok 3.5 s
v6_A08 ai-memory ok 3.41 s
v6_A09 ai-memory ok 3.52 s
v6_A10 ai-memory ok 3.53 s
v6_A11 ai-memory ok 3.5 s
v6_A12 ai-memory ok 3.47 s
v6_A13 ai-memory ok 3.41 s
v6_A14 ai-memory ok 3.51 s
v6_A15 ai-memory ok 3.49 s
v6_A16 ai-memory ok 3.48 s
v6_A17 ai-memory ok 3.51 s
v6_A18 ai-memory ok 3.55 s
v6_A19 ai-memory ok 3.49 s
v6_A20 ai-memory ok 3.53 s
v6_B01 ai-memory ok 3.46 s
v6_B02 ai-memory ok 3.56 s
v6_B03 ai-memory ok 3.5 s
v6_B04 ai-memory ok 3.5 s
v6_B05 ai-memory ok 3.47 s
v6_B06 ai-memory ok 3.51 s
v6_B07 ai-memory ok 3.51 s
v6_B08 ai-memory ok 3.52 s
v6_B09 ai-memory ok 3.56 s
v6_B10 ai-memory ok 3.46 s
v6_B11 ai-memory ok 3.54 s
v6_B12 ai-memory ok 3.46 s
v6_B13 ai-memory ok 3.54 s
v6_B14 ai-memory ok 3.52 s
v6_B15 ai-memory ok 3.52 s
v6_B16 ai-memory ok 3.49 s
v6_B17 ai-memory ok 3.41 s
v6_B18 ai-memory ok 3.54 s
v6_B19 ai-memory ok 3.47 s
v6_B20 ai-memory ok 3.54 s
v6_C01 ai-memory ok 2.75 s
v6_C02 ai-memory ok 2.76 s
v6_C03 ai-memory ok 2.77 s
v6_C04 ai-memory ok 2.68 s
v6_C05 ai-memory ok 2.79 s
v6_C06 ai-memory ok 2.79 s
v6_C07 ai-memory ok 2.75 s
v6_C08 ai-memory ok 2.67 s
v6_C09 ai-memory ok 2.73 s
v6_C10 ai-memory ok 2.72 s
v6_C11 ai-memory ok 2.71 s
v6_C12 ai-memory ok 2.83 s
v6_C13 ai-memory ok 2.78 s
v6_C14 ai-memory ok 2.78 s
v6_C15 ai-memory ok 2.67 s
v6_C16 ai-memory ok 2.77 s
v6_C17 ai-memory ok 2.75 s
v6_C18 ai-memory ok 2.76 s
v6_C19 ai-memory ok 2.75 s
v6_C20 ai-memory ok 2.77 s
v6_D01 ai-memory ok 2.78 s
v6_D02 ai-memory ok 2.7 s
v6_D03 ai-memory ok 2.78 s
v6_D04 ai-memory ok 2.77 s
v6_D05 ai-memory ok 2.73 s
v6_D06 ai-memory ok 2.77 s
v6_D07 ai-memory ok 2.77 s
v6_D08 ai-memory ok 2.78 s
v6_D09 ai-memory ok 2.7 s
v6_D10 ai-memory ok 2.72 s
v6_D11 ai-memory ok 2.73 s
v6_D12 ai-memory ok 2.69 s
v6_D13 ai-memory ok 2.82 s
v6_D14 ai-memory ok 2.76 s
v6_D15 ai-memory ok 2.72 s
v6_D16 ai-memory ok 2.79 s
v6_D17 ai-memory ok 2.77 s
v6_D18 ai-memory ok 2.76 s
v6_D19 ai-memory ok 2.79 s
v6_D20 ai-memory ok 2.76 s
v6_D21 ai-memory ok 2.79 s
v6_D22 ai-memory ok 2.77 s
v6_D23 ai-memory ok 2.74 s
v6_D24 ai-memory ok 2.76 s
v6_D25 ai-memory ok 2.71 s
v6_E01 ai-memory ok 2.79 s
v6_E02 ai-memory ok 2.72 s
v6_E03 ai-memory ok 2.78 s
v6_E04 ai-memory ok 2.83 s
v6_E05 ai-memory ok 2.8 s
v6_E06 ai-memory ok 2.77 s
v6_E07 ai-memory ok 2.79 s
v6_E08 ai-memory ok 2.79 s
v6_E09 ai-memory ok 2.78 s
v6_E10 ai-memory ok 2.84 s
v6_E11 ai-memory ok 2.75 s
v6_E12 ai-memory ok 2.78 s
v6_E13 ai-memory ok 2.71 s
v6_E14 ai-memory ok 2.81 s
v6_E15 ai-memory ok 2.81 s
v6_E16 ai-memory ok 2.81 s
v6_E17 ai-memory ok 2.84 s
v6_E18 ai-memory ok 3.59 s
v6_E19 ai-memory ok 3.48 s
v6_E20 ai-memory ok 3.55 s
v6_E21 ai-memory ok 3.5 s
v6_E22 ai-memory ok 3.56 s
v6_E23 ai-memory ok 3.52 s
v6_E24 ai-memory ok 3.5 s
v6_E25 ai-memory ok 3.54 s
v6_F01 ai-memory ok 4.27 s
v6_F02 ai-memory ok 4.35 s
v6_F03 ai-memory ok 4.18 s
v6_F04 ai-memory ok 4.96 s
v6_F05 ai-memory ok 4.23 s
v6_F06 ai-memory ok 4.28 s
v6_F07 ai-memory ok 4.92 s
v6_F08 ai-memory ok 4.19 s
v6_F09 ai-memory ok 4.34 s
v6_F10 ai-memory ok 4.22 s
v6_F11 ai-memory ok 4.28 s
v6_F12 ai-memory ok 4.94 s
v6_F13 ai-memory ok 4.18 s
v6_F14 ai-memory ok 5.02 s
v6_F15 ai-memory ok 4.23 s
v6_G01 ai-memory ok 2.79 s
v6_G02 ai-memory ok 2.78 s
v6_G03 ai-memory ok 2.82 s
v6_G04 ai-memory ok 2.76 s
v6_G05 ai-memory ok 2.77 s
v6_G06 ai-memory ok 2.79 s
v6_G07 ai-memory ok 2.75 s
v6_G08 ai-memory ok 2.83 s
v6_G09 ai-memory ok 2.77 s
v6_G10 ai-memory ok 2.78 s
v6_G11 ai-memory ok 2.75 s
v6_G12 ai-memory ok 2.79 s
v6_G13 ai-memory ok 2.77 s
v6_G14 ai-memory ok 2.7 s
v6_G15 ai-memory ok 2.76 s
