sourcedrecall v8_D01 answered
sourcedrecall v8_D02 answered
sourcedrecall v8_D03 answered
sourcedrecall v8_D04 answered
sourcedrecall v8_D05 answered
sourcedrecall v8_D06 answered
sourcedrecall v8_D07 answered
sourcedrecall v8_D08 answered
sourcedrecall v8_D09 answered
sourcedrecall v8_D10 answered
sourcedrecall v8_D11 answered
sourcedrecall v8_D12 answered
sourcedrecall v8_D13 answered
sourcedrecall v8_D14 answered
sourcedrecall v8_D15 answered
sourcedrecall v8_D16 answered
sourcedrecall v8_D17 answered
sourcedrecall v8_D18 answered
sourcedrecall v8_D19 answered
sourcedrecall v8_D20 answered
sourcedrecall v8_D21 answered
sourcedrecall v8_D22 answered
sourcedrecall v8_D23 answered
sourcedrecall v8_D24 answered
sourcedrecall v8_D25 answered
sourcedrecall v8_D26 answered
sourcedrecall v8_D27 answered
sourcedrecall v8_D28 answered
sourcedrecall v8_D29 answered
sourcedrecall v8_D30 answered
sourcedrecall v8_D31 answered
sourcedrecall v8_D32 answered
sourcedrecall v8_D33 answered
sourcedrecall v8_D34 answered
sourcedrecall v8_D35 answered
sourcedrecall v8_D36 answered
sourcedrecall v8_D37 answered
sourcedrecall v8_D38 answered
sourcedrecall v8_D39 answered
sourcedrecall v8_D40 answered
sourcedrecall v8_D41 answered
sourcedrecall v8_D42 answered
sourcedrecall v8_D43 answered
sourcedrecall v8_D44 answered
sourcedrecall v8_D45 answered
sourcedrecall v8_D46 answered
sourcedrecall v8_D47 answered
sourcedrecall v8_D48 answered
sourcedrecall v8_D49 answered
sourcedrecall v8_D50 answered
sourcedrecall v8_D51 answered
sourcedrecall v8_D52 answered
sourcedrecall v8_D53 answered
sourcedrecall v8_D54 answered
sourcedrecall v8_D55 answered
sourcedrecall v8_D56 answered
sourcedrecall v8_D57 answered
sourcedrecall v8_D58 answered
sourcedrecall v8_D59 answered
sourcedrecall v8_D60 answered
sourcedrecall v8_B01 answered
sourcedrecall v8_B02 answered
sourcedrecall v8_B03 answered
sourcedrecall v8_B04 answered
sourcedrecall v8_B05 answered
sourcedrecall v8_B06 answered
sourcedrecall v8_B07 answered
sourcedrecall v8_B08 answered
sourcedrecall v8_B09 answered
sourcedrecall v8_B10 answered
sourcedrecall v8_B11 answered
sourcedrecall v8_B12 answered
sourcedrecall v8_B13 answered
sourcedrecall v8_B14 answered
sourcedrecall v8_B15 answered
sourcedrecall v8_B16 answered
sourcedrecall v8_B17 answered
sourcedrecall v8_B18 answered
sourcedrecall v8_B19 answered
sourcedrecall v8_B20 answered
sourcedrecall v8_X01 answered
sourcedrecall v8_X02 answered
sourcedrecall v8_X03 answered
sourcedrecall v8_X04 answered
sourcedrecall v8_X05 answered
sourcedrecall v8_X06 answered
sourcedrecall v8_X07 answered
sourcedrecall v8_X08 answered
sourcedrecall v8_X09 answered
sourcedrecall v8_X10 answered
sourcedrecall v8_X11 answered
sourcedrecall v8_X12 answered
sourcedrecall v8_X13 answered
sourcedrecall v8_X14 answered
sourcedrecall v8_X15 answered
sourcedrecall v8_X16 answered
sourcedrecall v8_X17 answered
sourcedrecall v8_X18 answered
sourcedrecall v8_X19 answered
sourcedrecall v8_X20 answered
rag v8_D01 answered
rag v8_D02 answered
rag v8_D03 answered
rag v8_D04 answered
rag v8_D05 answered
rag v8_D06 answered
rag v8_D07 answered
rag v8_D08 answered
rag v8_D09 answered
rag v8_D10 answered
rag v8_D11 answered
rag v8_D12 answered
rag v8_D13 answered
rag v8_D14 answered
rag v8_D15 answered
rag v8_D16 answered
rag v8_D17 answered
rag v8_D18 answered
rag v8_D19 answered
rag v8_D20 answered
rag v8_D21 answered
rag v8_D22 answered
rag v8_D23 answered
rag v8_D24 answered
rag v8_D25 answered
rag v8_D26 answered
rag v8_D27 answered
rag v8_D28 answered
rag v8_D29 answered
rag v8_D30 answered
rag v8_D31 answered
rag v8_D32 answered
rag v8_D33 answered
rag v8_D34 answered
rag v8_D35 answered
rag v8_D36 answered
rag v8_D37 answered
rag v8_D38 answered
rag v8_D39 answered
rag v8_D40 answered
rag v8_D41 answered
rag v8_D42 answered
rag v8_D43 answered
rag v8_D44 answered
rag v8_D45 answered
rag v8_D46 answered
rag v8_D47 answered
rag v8_D48 answered
rag v8_D49 answered
rag v8_D50 answered
rag v8_D51 answered
rag v8_D52 answered
rag v8_D53 answered
rag v8_D54 answered
rag v8_D55 answered
rag v8_D56 answered
rag v8_D57 answered
rag v8_D58 answered
rag v8_D59 answered
rag v8_D60 answered
rag v8_B01 answered
rag v8_B02 answered
rag v8_B03 answered
rag v8_B04 answered
rag v8_B05 answered
rag v8_B06 answered
rag v8_B07 answered
rag v8_B08 answered
rag v8_B09 answered
rag v8_B10 answered
rag v8_B11 answered
rag v8_B12 answered
rag v8_B13 answered
rag v8_B14 answered
rag v8_B15 answered
rag v8_B16 answered
rag v8_B17 answered
rag v8_B18 answered
rag v8_B19 answered
rag v8_B20 answered
rag v8_X01 answered
rag v8_X02 answered
rag v8_X03 answered
rag v8_X04 answered
rag v8_X05 answered
rag v8_X06 answered
rag v8_X07 answered
rag v8_X08 answered
rag v8_X09 answered
rag v8_X10 answered
rag v8_X11 answered
rag v8_X12 answered
rag v8_X13 answered
rag v8_X14 answered
rag v8_X15 answered
rag v8_X16 answered
rag v8_X17 answered
rag v8_X18 answered
rag v8_X19 answered
rag v8_X20 answered
agentmemory v8_D01 answered
agentmemory v8_D02 answered
agentmemory v8_D03 answered
agentmemory v8_D04 answered
agentmemory v8_D05 answered
agentmemory v8_D06 answered
agentmemory v8_D07 answered
agentmemory v8_D08 answered
agentmemory v8_D09 answered
agentmemory v8_D10 answered
agentmemory v8_D11 answered
agentmemory v8_D12 answered
agentmemory v8_D13 answered
agentmemory v8_D14 answered
agentmemory v8_D15 answered
agentmemory v8_D16 answered
agentmemory v8_D17 answered
agentmemory v8_D18 answered
agentmemory v8_D19 answered
agentmemory v8_D20 answered
agentmemory v8_D21 answered
agentmemory v8_D22 answered
agentmemory v8_D23 answered
agentmemory v8_D24 answered
agentmemory v8_D25 answered
agentmemory v8_D26 answered
agentmemory v8_D27 answered
agentmemory v8_D28 answered
agentmemory v8_D29 answered
agentmemory v8_D30 answered
agentmemory v8_D31 answered
agentmemory v8_D32 answered
agentmemory v8_D33 answered
agentmemory v8_D34 answered
agentmemory v8_D35 answered
agentmemory v8_D36 answered
agentmemory v8_D37 answered
agentmemory v8_D38 answered
agentmemory v8_D39 answered
agentmemory v8_D40 answered
agentmemory v8_D41 answered
agentmemory v8_D42 answered
agentmemory v8_D43 answered
agentmemory v8_D44 answered
agentmemory v8_D45 answered
agentmemory v8_D46 answered
agentmemory v8_D47 answered
agentmemory v8_D48 answered
agentmemory v8_D49 answered
agentmemory v8_D50 answered
agentmemory v8_D51 answered
agentmemory v8_D52 answered
agentmemory v8_D53 answered
agentmemory v8_D54 answered
agentmemory v8_D55 answered
agentmemory v8_D56 answered
agentmemory v8_D57 answered
agentmemory v8_D58 answered
agentmemory v8_D59 answered
agentmemory v8_D60 answered
agentmemory v8_B01 answered
agentmemory v8_B02 answered
agentmemory v8_B03 answered
agentmemory v8_B04 answered
agentmemory v8_B05 answered
agentmemory v8_B06 answered
agentmemory v8_B07 answered
agentmemory v8_B08 answered
agentmemory v8_B09 answered
agentmemory v8_B10 answered
agentmemory v8_B11 answered
agentmemory v8_B12 answered
agentmemory v8_B13 answered
agentmemory v8_B14 answered
agentmemory v8_B15 answered
agentmemory v8_B16 answered
agentmemory v8_B17 answered
agentmemory v8_B18 answered
agentmemory v8_B19 answered
agentmemory v8_B20 answered
agentmemory v8_X01 answered
agentmemory v8_X02 answered
agentmemory v8_X03 answered
agentmemory v8_X04 answered
agentmemory v8_X05 answered
agentmemory v8_X06 answered
agentmemory v8_X07 answered
agentmemory v8_X08 answered
agentmemory v8_X09 answered
agentmemory v8_X10 answered
agentmemory v8_X11 answered
agentmemory v8_X12 answered
agentmemory v8_X13 answered
agentmemory v8_X14 answered
agentmemory v8_X15 answered
agentmemory v8_X16 answered
agentmemory v8_X17 answered
agentmemory v8_X18 answered
agentmemory v8_X19 answered
agentmemory v8_X20 answered
ai-memory v8_D01 answered
ai-memory v8_D02 answered
ai-memory v8_D03 answered
ai-memory v8_D04 answered
ai-memory v8_D05 answered
ai-memory v8_D06 answered
ai-memory v8_D07 answered
ai-memory v8_D08 answered
ai-memory v8_D09 answered
ai-memory v8_D10 answered
ai-memory v8_D11 answered
ai-memory v8_D12 answered
ai-memory v8_D13 answered
ai-memory v8_D14 answered
ai-memory v8_D15 answered
ai-memory v8_D16 answered
ai-memory v8_D17 answered
ai-memory v8_D18 answered
ai-memory v8_D19 answered
ai-memory v8_D20 answered
ai-memory v8_D21 answered
ai-memory v8_D22 answered
ai-memory v8_D23 answered
ai-memory v8_D24 answered
ai-memory v8_D25 answered
ai-memory v8_D26 answered
ai-memory v8_D27 answered
ai-memory v8_D28 answered
ai-memory v8_D29 answered
ai-memory v8_D30 answered
ai-memory v8_D31 answered
ai-memory v8_D32 answered
ai-memory v8_D33 answered
ai-memory v8_D34 answered
ai-memory v8_D35 answered
ai-memory v8_D36 answered
ai-memory v8_D37 answered
ai-memory v8_D38 answered
ai-memory v8_D39 answered
ai-memory v8_D40 answered
ai-memory v8_D41 answered
ai-memory v8_D42 answered
ai-memory v8_D43 answered
ai-memory v8_D44 answered
ai-memory v8_D45 answered
ai-memory v8_D46 answered
ai-memory v8_D47 answered
ai-memory v8_D48 answered
ai-memory v8_D49 answered
ai-memory v8_D50 answered
ai-memory v8_D51 answered
ai-memory v8_D52 answered
ai-memory v8_D53 answered
ai-memory v8_D54 answered
ai-memory v8_D55 answered
ai-memory v8_D56 answered
ai-memory v8_D57 answered
ai-memory v8_D58 answered
ai-memory v8_D59 answered
ai-memory v8_D60 answered
ai-memory v8_B01 answered
ai-memory v8_B02 answered
ai-memory v8_B03 answered
ai-memory v8_B04 answered
ai-memory v8_B05 answered
ai-memory v8_B06 answered
ai-memory v8_B07 answered
ai-memory v8_B08 answered
ai-memory v8_B09 answered
ai-memory v8_B10 answered
ai-memory v8_B11 answered
ai-memory v8_B12 answered
ai-memory v8_B13 answered
ai-memory v8_B14 answered
ai-memory v8_B15 answered
ai-memory v8_B16 answered
ai-memory v8_B17 answered
ai-memory v8_B18 answered
ai-memory v8_B19 answered
ai-memory v8_B20 answered
ai-memory v8_X01 answered
ai-memory v8_X02 answered
ai-memory v8_X03 answered
ai-memory v8_X04 answered
ai-memory v8_X05 answered
ai-memory v8_X06 answered
ai-memory v8_X07 answered
ai-memory v8_X08 answered
ai-memory v8_X09 answered
ai-memory v8_X10 answered
ai-memory v8_X11 answered
ai-memory v8_X12 answered
ai-memory v8_X13 answered
ai-memory v8_X14 answered
ai-memory v8_X15 answered
ai-memory v8_X16 answered
ai-memory v8_X17 answered
ai-memory v8_X18 answered
ai-memory v8_X19 answered
ai-memory v8_X20 answered
