=== rag 16:13:20
Loading weights:   0%|          | 0/199 [00:00<?, ?it/s]Loading weights: 100%|██████████| 199/199 [00:00<00:00, 18302.48it/s]
v8_D01 rag ok 3.36 s
v8_D02 rag ok 0.07 s
v8_D03 rag ok 0.06 s
v8_D04 rag ok 0.05 s
v8_D05 rag ok 0.06 s
v8_D06 rag ok 0.06 s
v8_D07 rag ok 0.05 s
v8_D08 rag ok 0.05 s
v8_D09 rag ok 0.06 s
v8_D10 rag ok 0.05 s
v8_D11 rag ok 0.05 s
v8_D12 rag ok 0.05 s
v8_D13 rag ok 0.06 s
v8_D14 rag ok 0.05 s
v8_D15 rag ok 0.05 s
v8_D16 rag ok 0.06 s
v8_D17 rag ok 0.05 s
v8_D18 rag ok 0.05 s
v8_D19 rag ok 0.05 s
v8_D20 rag ok 0.05 s
v8_D21 rag ok 0.05 s
v8_D22 rag ok 0.05 s
v8_D23 rag ok 0.06 s
v8_D24 rag ok 0.06 s
v8_D25 rag ok 0.06 s
v8_D26 rag ok 0.05 s
v8_D27 rag ok 0.05 s
v8_D28 rag ok 0.06 s
v8_D29 rag ok 0.05 s
v8_D30 rag ok 0.05 s
v8_D31 rag ok 0.06 s
v8_D32 rag ok 0.05 s
v8_D33 rag ok 0.05 s
v8_D34 rag ok 0.05 s
v8_D35 rag ok 0.05 s
v8_D36 rag ok 0.05 s
v8_D37 rag ok 0.05 s
v8_D38 rag ok 0.05 s
v8_D39 rag ok 0.05 s
v8_D40 rag ok 0.04 s
v8_D41 rag ok 0.05 s
v8_D42 rag ok 0.05 s
v8_D43 rag ok 0.04 s
v8_D44 rag ok 0.05 s
v8_D45 rag ok 0.04 s
v8_D46 rag ok 0.04 s
v8_D47 rag ok 0.04 s
v8_D48 rag ok 0.04 s
v8_D49 rag ok 0.04 s
v8_D50 rag ok 0.04 s
v8_D51 rag ok 0.05 s
v8_D52 rag ok 0.04 s
v8_D53 rag ok 0.04 s
v8_D54 rag ok 0.04 s
v8_D55 rag ok 0.04 s
v8_D56 rag ok 0.04 s
v8_D57 rag ok 0.04 s
v8_D58 rag ok 0.04 s
v8_D59 rag ok 0.04 s
v8_D60 rag ok 0.04 s
v8_B01 rag ok 0.04 s
v8_B02 rag ok 0.04 s
v8_B03 rag ok 0.04 s
v8_B04 rag ok 0.04 s
v8_B05 rag ok 0.04 s
v8_B06 rag ok 0.04 s
v8_B07 rag ok 0.04 s
v8_B08 rag ok 0.04 s
v8_B09 rag ok 0.04 s
v8_B10 rag ok 0.04 s
v8_B11 rag ok 0.04 s
v8_B12 rag ok 0.04 s
v8_B13 rag ok 0.04 s
v8_B14 rag ok 0.04 s
v8_B15 rag ok 0.04 s
v8_B16 rag ok 0.04 s
v8_B17 rag ok 0.04 s
v8_B18 rag ok 0.04 s
v8_B19 rag ok 0.04 s
v8_B20 rag ok 0.04 s
v8_X01 rag ok 0.04 s
v8_X02 rag ok 0.04 s
v8_X03 rag ok 0.04 s
v8_X04 rag ok 0.04 s
v8_X05 rag ok 0.04 s
v8_X06 rag ok 0.04 s
v8_X07 rag ok 0.04 s
v8_X08 rag ok 0.04 s
v8_X09 rag ok 0.04 s
v8_X10 rag ok 0.04 s
v8_X11 rag ok 0.04 s
v8_X12 rag ok 0.04 s
v8_X13 rag ok 0.04 s
v8_X14 rag ok 0.04 s
v8_X15 rag ok 0.04 s
v8_X16 rag ok 0.04 s
v8_X17 rag ok 0.04 s
v8_X18 rag ok 0.04 s
v8_X19 rag ok 0.04 s
v8_X20 rag ok 0.04 s
=== ours 16:13:28
v8_D01 sourcedrecall ok 5.4 s
v8_D02 sourcedrecall ok 2.43 s
v8_D03 sourcedrecall ok 2.47 s
v8_D04 sourcedrecall ok 2.35 s
v8_D05 sourcedrecall ok 2.7 s
v8_D06 sourcedrecall ok 2.1 s
v8_D07 sourcedrecall ok 2.3 s
v8_D08 sourcedrecall ok 2.7 s
v8_D09 sourcedrecall ok 2.27 s
v8_D10 sourcedrecall ok 2.7 s
v8_D11 sourcedrecall ok 2.1 s
v8_D12 sourcedrecall ok 2.58 s
v8_D13 sourcedrecall ok 2.34 s
v8_D14 sourcedrecall ok 1.95 s
v8_D15 sourcedrecall ok 2.46 s
v8_D16 sourcedrecall ok 2.64 s
v8_D17 sourcedrecall ok 2.17 s
v8_D18 sourcedrecall ok 2.49 s
v8_D19 sourcedrecall ok 2.44 s
v8_D20 sourcedrecall ok 1.98 s
v8_D21 sourcedrecall ok 2.44 s
v8_D22 sourcedrecall ok 2.37 s
v8_D23 sourcedrecall ok 2.79 s
v8_D24 sourcedrecall ok 2.44 s
v8_D25 sourcedrecall ok 2.16 s
v8_D26 sourcedrecall ok 2.95 s
v8_D27 sourcedrecall ok 2.54 s
v8_D28 sourcedrecall ok 2.54 s
v8_D29 sourcedrecall ok 2.19 s
v8_D30 sourcedrecall ok 2.53 s
v8_D31 sourcedrecall ok 2.72 s
v8_D32 sourcedrecall ok 2.32 s
v8_D33 sourcedrecall ok 2.7 s
v8_D34 sourcedrecall ok 2.33 s
v8_D35 sourcedrecall ok 2.23 s
v8_D36 sourcedrecall ok 2.56 s
v8_D37 sourcedrecall ok 2.29 s
v8_D38 sourcedrecall ok 2.36 s
v8_D39 sourcedrecall ok 2.11 s
v8_D40 sourcedrecall ok 1.93 s
v8_D41 sourcedrecall ok 2.88 s
v8_D42 sourcedrecall ok 2.2 s
v8_D43 sourcedrecall ok 2.48 s
v8_D44 sourcedrecall ok 2.59 s
v8_D45 sourcedrecall ok 2.17 s
v8_D46 sourcedrecall ok 2.03 s
v8_D47 sourcedrecall ok 2.2 s
v8_D48 sourcedrecall ok 2.26 s
v8_D49 sourcedrecall ok 2.21 s
v8_D50 sourcedrecall ok 2.24 s
v8_D51 sourcedrecall ok 2.75 s
v8_D52 sourcedrecall ok 2.05 s
v8_D53 sourcedrecall ok 2.1 s
v8_D54 sourcedrecall ok 2.12 s
v8_D55 sourcedrecall ok 2.82 s
v8_D56 sourcedrecall ok 2.05 s
v8_D57 sourcedrecall ok 2.34 s
v8_D58 sourcedrecall ok 2.57 s
v8_D59 sourcedrecall ok 2.24 s
v8_D60 sourcedrecall ok 2.24 s
v8_B01 sourcedrecall ok 2.81 s
v8_B02 sourcedrecall ok 2.19 s
v8_B03 sourcedrecall ok 2.07 s
v8_B04 sourcedrecall ok 2.59 s
v8_B05 sourcedrecall ok 2.46 s
v8_B06 sourcedrecall ok 2.06 s
v8_B07 sourcedrecall ok 2.66 s
v8_B08 sourcedrecall ok 2.52 s
v8_B09 sourcedrecall ok 2.03 s
v8_B10 sourcedrecall ok 2.03 s
v8_B11 sourcedrecall ok 3.08 s
WARNING: cross-role turn-hash collision -- hash 1115a85caaee was extracted as role='user', now seen again as role='assistant'; text: '[secret removed]'
WARNING: cross-role turn-hash collision -- hash 1115a85caaee was extracted as role='user', now seen again as role='assistant'; text: '[secret removed]'
v8_B12 sourcedrecall ok 2.09 s
v8_B13 sourcedrecall ok 1.94 s
v8_B14 sourcedrecall ok 2.12 s
v8_B15 sourcedrecall ok 2.58 s
v8_B16 sourcedrecall ok 2.14 s
v8_B17 sourcedrecall ok 2.12 s
v8_B18 sourcedrecall ok 1.97 s
v8_B19 sourcedrecall ok 2.48 s
v8_B20 sourcedrecall ok 2.51 s
v8_X01 sourcedrecall ok 2.21 s
v8_X02 sourcedrecall ok 1.88 s
v8_X03 sourcedrecall ok 2.04 s
v8_X04 sourcedrecall ok 2.41 s
v8_X05 sourcedrecall ok 2.19 s
v8_X06 sourcedrecall ok 1.79 s
v8_X07 sourcedrecall ok 1.85 s
v8_X08 sourcedrecall ok 2.35 s
v8_X09 sourcedrecall ok 2.18 s
v8_X10 sourcedrecall ok 2.16 s
v8_X11 sourcedrecall ok 2.34 s
v8_X12 sourcedrecall ok 1.94 s
v8_X13 sourcedrecall ok 2.34 s
v8_X14 sourcedrecall ok 2.3 s
v8_X15 sourcedrecall ok 1.85 s
v8_X16 sourcedrecall ok 1.93 s
v8_X17 sourcedrecall ok 2.22 s
v8_X18 sourcedrecall ok 2.32 s
v8_X19 sourcedrecall ok 1.92 s
v8_X20 sourcedrecall ok 1.89 s
v8_D01 agentmemory ok 2.31 s
v8_D02 agentmemory ok 3.3 s
v8_D03 agentmemory ok 3.32 s
v8_D04 agentmemory ok 3.3 s
v8_D05 agentmemory ok 3.32 s
v8_D06 agentmemory ok 3.3 s
v8_D07 agentmemory ok 3.29 s
v8_D08 agentmemory ok 3.31 s
v8_D09 agentmemory ok 3.32 s
v8_D10 agentmemory ok 3.29 s
v8_D11 agentmemory ok 3.31 s
v8_D12 agentmemory ok 3.29 s
v8_D13 agentmemory ok 3.32 s
v8_D14 agentmemory ok 3.3 s
v8_D15 agentmemory ok 3.31 s
v8_D16 agentmemory ok 3.31 s
v8_D17 agentmemory ok 3.3 s
v8_D18 agentmemory ok 3.3 s
v8_D19 agentmemory ok 3.3 s
v8_D20 agentmemory ok 3.29 s
v8_D21 agentmemory ok 3.31 s
v8_D22 agentmemory ok 3.3 s
v8_D23 agentmemory ok 3.3 s
v8_D24 agentmemory ok 3.3 s
v8_D25 agentmemory ok 3.31 s
v8_D26 agentmemory ok 3.3 s
v8_D27 agentmemory ok 3.3 s
v8_D28 agentmemory ok 3.3 s
v8_D29 agentmemory ok 3.31 s
v8_D30 agentmemory ok 3.33 s
v8_D31 agentmemory ok 3.29 s
v8_D32 agentmemory ok 3.29 s
v8_D33 agentmemory ok 3.29 s
v8_D34 agentmemory ok 3.31 s
v8_D35 agentmemory ok 3.31 s
v8_D36 agentmemory ok 3.29 s
v8_D37 agentmemory ok 3.34 s
v8_D38 agentmemory ok 3.3 s
v8_D39 agentmemory ok 3.3 s
v8_D40 agentmemory ok 3.3 s
v8_D41 agentmemory ok 3.3 s
v8_D42 agentmemory ok 3.31 s
v8_D43 agentmemory ok 3.29 s
v8_D44 agentmemory ok 3.32 s
v8_D45 agentmemory ok 3.32 s
v8_D46 agentmemory ok 3.3 s
v8_D47 agentmemory ok 3.31 s
v8_D48 agentmemory ok 3.31 s
v8_D49 agentmemory ok 3.3 s
v8_D50 agentmemory ok 3.31 s
v8_D51 agentmemory ok 3.31 s
v8_D52 agentmemory ok 3.3 s
v8_D53 agentmemory ok 3.3 s
v8_D54 agentmemory ok 3.3 s
v8_D55 agentmemory ok 3.31 s
v8_D56 agentmemory ok 3.28 s
v8_D57 agentmemory ok 3.3 s
v8_D58 agentmemory ok 3.29 s
v8_D59 agentmemory ok 3.3 s
v8_D60 agentmemory ok 3.29 s
v8_B01 agentmemory ok 3.3 s
v8_B02 agentmemory ok 3.3 s
v8_B03 agentmemory ok 3.3 s
v8_B04 agentmemory ok 3.31 s
v8_B05 agentmemory ok 3.29 s
v8_B06 agentmemory ok 3.31 s
v8_B07 agentmemory ok 3.3 s
v8_B08 agentmemory ok 3.3 s
v8_B09 agentmemory ok 3.31 s
v8_B10 agentmemory ok 3.3 s
v8_B11 agentmemory ok 3.3 s
v8_B12 agentmemory ok 3.29 s
v8_B13 agentmemory ok 3.29 s
v8_B14 agentmemory ok 3.3 s
v8_B15 agentmemory ok 3.29 s
v8_B16 agentmemory ok 3.3 s
v8_B17 agentmemory ok 3.3 s
v8_B18 agentmemory ok 3.3 s
v8_B19 agentmemory ok 3.29 s
v8_B20 agentmemory ok 3.31 s
v8_X01 agentmemory ok 3.29 s
v8_X02 agentmemory ok 3.29 s
v8_X03 agentmemory ok 3.3 s
v8_X04 agentmemory ok 3.3 s
v8_X05 agentmemory ok 3.3 s
v8_X06 agentmemory ok 3.3 s
v8_X07 agentmemory ok 3.29 s
v8_X08 agentmemory ok 3.3 s
v8_X09 agentmemory ok 3.3 s
v8_X10 agentmemory ok 3.28 s
v8_X11 agentmemory ok 3.29 s
v8_X12 agentmemory ok 3.29 s
v8_X13 agentmemory ok 3.31 s
v8_X14 agentmemory ok 3.28 s
v8_X15 agentmemory ok 3.3 s
v8_X16 agentmemory ok 3.29 s
v8_X17 agentmemory ok 3.3 s
v8_X18 agentmemory ok 3.29 s
v8_X19 agentmemory ok 3.3 s
v8_X20 agentmemory ok 3.29 s
v8_D01 ai-memory ok 4.38 s
v8_D02 ai-memory ok 4.3 s
v8_D03 ai-memory ok 4.92 s
v8_D04 ai-memory ok 3.55 s
v8_D05 ai-memory ok 4.31 s
v8_D06 ai-memory ok 4.31 s
v8_D07 ai-memory ok 4.31 s
v8_D08 ai-memory ok 3.58 s
v8_D09 ai-memory ok 5.04 s
v8_D10 ai-memory ok 3.56 s
v8_D11 ai-memory ok 4.26 s
v8_D12 ai-memory ok 3.55 s
v8_D13 ai-memory ok 4.32 s
v8_D14 ai-memory ok 3.55 s
v8_D15 ai-memory ok 4.33 s
v8_D16 ai-memory ok 4.35 s
v8_D17 ai-memory ok 4.3 s
v8_D18 ai-memory ok 4.32 s
v8_D19 ai-memory ok 3.57 s
v8_D20 ai-memory ok 3.58 s
v8_D21 ai-memory ok 3.55 s
v8_D22 ai-memory ok 4.31 s
v8_D23 ai-memory ok 4.32 s
v8_D24 ai-memory ok 4.3 s
v8_D25 ai-memory ok 4.32 s
v8_D26 ai-memory ok 3.58 s
v8_D27 ai-memory ok 4.31 s
v8_D28 ai-memory ok 4.35 s
v8_D29 ai-memory ok 3.58 s
v8_D30 ai-memory ok 4.33 s
v8_D31 ai-memory ok 4.27 s
v8_D32 ai-memory ok 3.56 s
v8_D33 ai-memory ok 4.31 s
v8_D34 ai-memory ok 3.59 s
v8_D35 ai-memory ok 4.29 s
v8_D36 ai-memory ok 4.29 s
v8_D37 ai-memory ok 4.32 s
v8_D38 ai-memory ok 3.59 s
v8_D39 ai-memory ok 4.32 s
v8_D40 ai-memory ok 3.53 s
v8_D41 ai-memory ok 4.33 s
v8_D42 ai-memory ok 4.32 s
v8_D43 ai-memory ok 3.57 s
v8_D44 ai-memory ok 4.33 s
v8_D45 ai-memory ok 3.52 s
v8_D46 ai-memory ok 4.34 s
v8_D47 ai-memory ok 4.32 s
v8_D48 ai-memory ok 3.56 s
v8_D49 ai-memory ok 4.33 s
v8_D50 ai-memory ok 4.3 s
v8_D51 ai-memory ok 4.34 s
v8_D52 ai-memory ok 3.55 s
v8_D53 ai-memory ok 4.33 s
v8_D54 ai-memory ok 3.56 s
v8_D55 ai-memory ok 4.29 s
v8_D56 ai-memory ok 3.57 s
v8_D57 ai-memory ok 4.3 s
v8_D58 ai-memory ok 3.53 s
v8_D59 ai-memory ok 3.57 s
v8_D60 ai-memory ok 3.53 s
v8_B01 ai-memory ok 4.3 s
v8_B02 ai-memory ok 4.29 s
v8_B03 ai-memory ok 4.3 s
v8_B04 ai-memory ok 4.3 s
v8_B05 ai-memory ok 4.29 s
v8_B06 ai-memory ok 4.31 s
v8_B07 ai-memory ok 4.27 s
v8_B08 ai-memory ok 4.32 s
v8_B09 ai-memory ok 4.25 s
v8_B10 ai-memory ok 4.15 s
v8_B11 ai-memory ok 4.29 s
v8_B12 ai-memory ok 4.3 s
v8_B13 ai-memory ok 4.31 s
v8_B14 ai-memory ok 4.32 s
v8_B15 ai-memory ok 4.31 s
v8_B16 ai-memory ok 4.34 s
v8_B17 ai-memory ok 4.31 s
v8_B18 ai-memory ok 4.29 s
v8_B19 ai-memory ok 4.29 s
v8_B20 ai-memory ok 4.32 s
v8_X01 ai-memory ok 4.3 s
v8_X02 ai-memory ok 3.55 s
v8_X03 ai-memory ok 4.27 s
v8_X04 ai-memory ok 3.61 s
v8_X05 ai-memory ok 4.31 s
v8_X06 ai-memory ok 3.57 s
v8_X07 ai-memory ok 3.51 s
v8_X08 ai-memory ok 3.59 s
v8_X09 ai-memory ok 3.55 s
v8_X10 ai-memory ok 3.58 s
v8_X11 ai-memory ok 3.52 s
v8_X12 ai-memory ok 3.55 s
v8_X13 ai-memory ok 4.31 s
v8_X14 ai-memory ok 3.56 s
v8_X15 ai-memory ok 3.56 s
v8_X16 ai-memory ok 3.57 s
v8_X17 ai-memory ok 3.56 s
v8_X18 ai-memory ok 3.57 s
v8_X19 ai-memory ok 4.27 s
v8_X20 ai-memory ok 3.53 s
