sourcedrecall s01 answered
sourcedrecall s02 answered
sourcedrecall s03 answered
sourcedrecall s04 answered
sourcedrecall s05 answered
sourcedrecall s06 answered
sourcedrecall s07 answered
sourcedrecall s08 answered
sourcedrecall s09 answered
sourcedrecall s10 answered
sourcedrecall s11 answered
sourcedrecall s12 answered
sourcedrecall s13 answered
sourcedrecall s14 answered
sourcedrecall s15 answered
sourcedrecall s16 answered
sourcedrecall s17 answered
sourcedrecall s18 answered
sourcedrecall s19 answered
sourcedrecall s20 answered
sourcedrecall s21 answered
sourcedrecall s22 answered
sourcedrecall s23 answered
sourcedrecall s24 answered
sourcedrecall s25 answered
sourcedrecall s26 answered
sourcedrecall s27 answered
sourcedrecall s28 answered
sourcedrecall s29 answered
sourcedrecall s30 answered
sourcedrecall s31 answered
sourcedrecall s32 answered
sourcedrecall s33 answered
sourcedrecall s34 answered
sourcedrecall s35 answered
sourcedrecall s36 answered
sourcedrecall s37 answered
sourcedrecall s38 answered
sourcedrecall s39 answered
sourcedrecall s40 answered
sourcedrecall s41 answered
sourcedrecall s42 answered
sourcedrecall s43 answered
sourcedrecall s44 answered
sourcedrecall t01 answered
sourcedrecall t02 answered
sourcedrecall t03 answered
sourcedrecall t04 answered
sourcedrecall t05 answered
sourcedrecall t06 answered
sourcedrecall t07 answered
sourcedrecall t08 answered
sourcedrecall t09 answered
sourcedrecall t10 answered
sourcedrecall t11 answered
sourcedrecall t12 answered
sourcedrecall t13 answered
sourcedrecall t14 answered
sourcedrecall t15 answered
sourcedrecall t16 answered
rag s01 answered
rag s02 answered
rag s03 answered
rag s04 answered
rag s05 answered
rag s06 answered
rag s07 answered
rag s08 answered
rag s09 answered
rag s10 answered
rag s11 answered
rag s12 answered
rag s13 answered
rag s14 answered
rag s15 answered
rag s16 answered
rag s17 answered
rag s18 answered
rag s19 answered
rag s20 answered
rag s21 answered
rag s22 answered
rag s23 answered
rag s24 answered
rag s25 answered
rag s26 answered
rag s27 answered
rag s28 answered
rag s29 answered
rag s30 answered
rag s31 answered
rag s32 answered
rag s33 answered
rag s34 answered
rag s35 answered
rag s36 answered
rag s37 answered
rag s38 answered
rag s39 answered
rag s40 answered
rag s41 answered
rag s42 answered
rag s43 answered
rag s44 answered
rag t01 answered
rag t02 answered
rag t03 answered
rag t04 answered
rag t05 answered
rag t06 answered
rag t07 answered
rag t08 answered
rag t09 answered
rag t10 answered
rag t11 answered
rag t12 answered
rag t13 answered
rag t14 answered
rag t15 answered
rag t16 answered
agentmemory s01 answered
agentmemory s02 answered
agentmemory s03 answered
agentmemory s04 answered
agentmemory s05 answered
agentmemory s06 answered
agentmemory s07 answered
agentmemory s08 answered
agentmemory s09 answered
agentmemory s10 answered
agentmemory s11 answered
agentmemory s12 answered
agentmemory s13 answered
agentmemory s14 answered
agentmemory s15 answered
agentmemory s16 answered
agentmemory s17 answered
agentmemory s18 answered
agentmemory s19 answered
agentmemory s20 answered
agentmemory s21 answered
agentmemory s22 answered
agentmemory s23 answered
agentmemory s24 answered
agentmemory s25 answered
agentmemory s26 answered
agentmemory s27 answered
agentmemory s28 answered
agentmemory s29 answered
agentmemory s30 answered
agentmemory s31 answered
agentmemory s32 answered
agentmemory s33 answered
agentmemory s34 answered
agentmemory s35 answered
agentmemory s36 answered
agentmemory s37 answered
agentmemory s38 answered
agentmemory s39 answered
agentmemory s40 answered
agentmemory s41 answered
agentmemory s42 answered
agentmemory s43 answered
agentmemory s44 answered
agentmemory t01 answered
agentmemory t02 answered
agentmemory t03 answered
agentmemory t04 answered
agentmemory t05 answered
agentmemory t06 answered
agentmemory t07 answered
agentmemory t08 answered
agentmemory t09 answered
agentmemory t10 answered
agentmemory t11 answered
agentmemory t12 answered
agentmemory t13 answered
agentmemory t14 answered
agentmemory t15 answered
agentmemory t16 answered
ai-memory s01 answered
ai-memory s02 answered
ai-memory s03 answered
ai-memory s04 answered
ai-memory s05 answered
ai-memory s06 answered
ai-memory s07 answered
ai-memory s08 answered
ai-memory s09 answered
ai-memory s10 answered
ai-memory s11 answered
ai-memory s12 answered
ai-memory s13 answered
ai-memory s14 answered
ai-memory s15 answered
ai-memory s16 answered
ai-memory s17 answered
ai-memory s18 answered
ai-memory s19 answered
ai-memory s20 answered
ai-memory s21 answered
ai-memory s22 answered
ai-memory s23 answered
ai-memory s24 answered
ai-memory s25 answered
ai-memory s26 answered
ai-memory s27 answered
ai-memory s28 answered
ai-memory s29 answered
ai-memory s30 answered
ai-memory s31 answered
ai-memory s32 answered
ai-memory s33 answered
ai-memory s34 answered
ai-memory s35 answered
ai-memory s36 answered
ai-memory s37 answered
ai-memory s38 answered
ai-memory s39 answered
ai-memory s40 answered
ai-memory s41 answered
ai-memory s42 answered
ai-memory s43 answered
ai-memory s44 answered
ai-memory t01 answered
ai-memory t02 answered
ai-memory t03 answered
ai-memory t04 answered
ai-memory t05 answered
ai-memory t06 answered
ai-memory t07 answered
ai-memory t08 answered
ai-memory t09 answered
ai-memory t10 answered
ai-memory t11 answered
ai-memory t12 answered
ai-memory t13 answered
ai-memory t14 answered
ai-memory t15 answered
ai-memory t16 answered
