sourcedrecall v5_A01 answered
sourcedrecall v5_A02 answered
sourcedrecall v5_A03 answered
sourcedrecall v5_A04 answered
sourcedrecall v5_A05 answered
sourcedrecall v5_A06 answered
sourcedrecall v5_A07 answered
sourcedrecall v5_A08 answered
sourcedrecall v5_A09 answered
sourcedrecall v5_A10 answered
sourcedrecall v5_A11 answered
sourcedrecall v5_A12 answered
sourcedrecall v5_A13 answered
sourcedrecall v5_A14 answered
sourcedrecall v5_A15 answered
sourcedrecall v5_A16 answered
sourcedrecall v5_A17 answered
sourcedrecall v5_A18 answered
sourcedrecall v5_A19 answered
sourcedrecall v5_A20 answered
sourcedrecall v5_A21 answered
sourcedrecall v5_A22 answered
sourcedrecall v5_A23 answered
sourcedrecall v5_A24 answered
sourcedrecall v5_A25 answered
sourcedrecall v5_B01 answered
sourcedrecall v5_B02 answered
sourcedrecall v5_B03 answered
sourcedrecall v5_B04 answered
sourcedrecall v5_B05 answered
sourcedrecall v5_B06 answered
sourcedrecall v5_B07 answered
sourcedrecall v5_B08 answered
sourcedrecall v5_B09 answered
sourcedrecall v5_B10 answered
sourcedrecall v5_B11 answered
sourcedrecall v5_B12 answered
sourcedrecall v5_B13 answered
sourcedrecall v5_B14 answered
sourcedrecall v5_B15 answered
sourcedrecall v5_B16 answered
sourcedrecall v5_B17 answered
sourcedrecall v5_B18 answered
sourcedrecall v5_B19 answered
sourcedrecall v5_B20 answered
sourcedrecall v5_B21 answered
sourcedrecall v5_B22 answered
sourcedrecall v5_B23 answered
sourcedrecall v5_B24 answered
sourcedrecall v5_B25 answered
sourcedrecall v5_C01 answered
sourcedrecall v5_C02 answered
sourcedrecall v5_C03 answered
sourcedrecall v5_C04 answered
sourcedrecall v5_C05 answered
sourcedrecall v5_C06 answered
sourcedrecall v5_C07 answered
sourcedrecall v5_C08 answered
sourcedrecall v5_C09 answered
sourcedrecall v5_C10 answered
sourcedrecall v5_C11 answered
sourcedrecall v5_C12 answered
sourcedrecall v5_C13 answered
sourcedrecall v5_C14 answered
sourcedrecall v5_C15 answered
sourcedrecall v5_C16 answered
sourcedrecall v5_C17 answered
sourcedrecall v5_C18 answered
sourcedrecall v5_C19 answered
sourcedrecall v5_C20 answered
sourcedrecall v5_D01 answered
sourcedrecall v5_D02 answered
sourcedrecall v5_D03 answered
sourcedrecall v5_D04 answered
sourcedrecall v5_D05 answered
sourcedrecall v5_D06 answered
sourcedrecall v5_D07 answered
sourcedrecall v5_D08 answered
sourcedrecall v5_D09 answered
sourcedrecall v5_D10 answered
sourcedrecall v5_D11 answered
sourcedrecall v5_D12 answered
sourcedrecall v5_D13 answered
sourcedrecall v5_D14 answered
sourcedrecall v5_D15 answered
sourcedrecall v5_D16 answered
sourcedrecall v5_D17 answered
sourcedrecall v5_D18 answered
sourcedrecall v5_D19 answered
sourcedrecall v5_D20 answered
sourcedrecall v5_E01 answered
sourcedrecall v5_E02 answered
sourcedrecall v5_E03 answered
sourcedrecall v5_E04 answered
sourcedrecall v5_E05 answered
sourcedrecall v5_E06 answered
sourcedrecall v5_E07 answered
sourcedrecall v5_E08 answered
sourcedrecall v5_E09 answered
sourcedrecall v5_E10 answered
sourcedrecall v5_E11 answered
sourcedrecall v5_E12 answered
sourcedrecall v5_E13 answered
sourcedrecall v5_E14 answered
sourcedrecall v5_E15 answered
sourcedrecall v5_E16 answered
sourcedrecall v5_E17 answered
sourcedrecall v5_E18 answered
sourcedrecall v5_E19 answered
sourcedrecall v5_E20 answered
sourcedrecall v5_F01 answered
sourcedrecall v5_F02 answered
sourcedrecall v5_F03 answered
sourcedrecall v5_F04 answered
sourcedrecall v5_F05 answered
sourcedrecall v5_F06 answered
sourcedrecall v5_F07 answered
sourcedrecall v5_F08 answered
sourcedrecall v5_F09 answered
sourcedrecall v5_F10 answered
rag v5_A01 answered
rag v5_A02 answered
rag v5_A03 answered
rag v5_A04 answered
rag v5_A05 answered
rag v5_A06 answered
rag v5_A07 answered
rag v5_A08 answered
rag v5_A09 answered
rag v5_A10 answered
rag v5_A11 answered
rag v5_A12 answered
rag v5_A13 answered
rag v5_A14 answered
rag v5_A15 answered
rag v5_A16 answered
rag v5_A17 answered
rag v5_A18 answered
rag v5_A19 answered
rag v5_A20 answered
rag v5_A21 answered
rag v5_A22 answered
rag v5_A23 answered
rag v5_A24 answered
rag v5_A25 answered
rag v5_B01 answered
rag v5_B02 answered
rag v5_B03 answered
rag v5_B04 answered
rag v5_B05 answered
rag v5_B06 answered
rag v5_B07 answered
rag v5_B08 answered
rag v5_B09 answered
rag v5_B10 answered
rag v5_B11 answered
rag v5_B12 answered
rag v5_B13 answered
rag v5_B14 answered
rag v5_B15 answered
rag v5_B16 answered
rag v5_B17 answered
rag v5_B18 answered
rag v5_B19 answered
rag v5_B20 answered
rag v5_B21 answered
rag v5_B22 answered
rag v5_B23 answered
rag v5_B24 answered
rag v5_B25 answered
rag v5_C01 answered
rag v5_C02 answered
rag v5_C03 answered
rag v5_C04 answered
rag v5_C05 answered
rag v5_C06 answered
rag v5_C07 answered
rag v5_C08 answered
rag v5_C09 answered
rag v5_C10 answered
rag v5_C11 answered
rag v5_C12 answered
rag v5_C13 answered
rag v5_C14 answered
rag v5_C15 answered
rag v5_C16 answered
rag v5_C17 answered
rag v5_C18 answered
rag v5_C19 answered
rag v5_C20 answered
rag v5_D01 answered
rag v5_D02 answered
rag v5_D03 answered
rag v5_D04 answered
rag v5_D05 answered
rag v5_D06 answered
rag v5_D07 answered
rag v5_D08 answered
rag v5_D09 answered
rag v5_D10 answered
rag v5_D11 answered
rag v5_D12 answered
rag v5_D13 answered
rag v5_D14 answered
rag v5_D15 answered
rag v5_D16 answered
rag v5_D17 answered
rag v5_D18 answered
rag v5_D19 answered
rag v5_D20 answered
rag v5_E01 answered
rag v5_E02 answered
rag v5_E03 answered
rag v5_E04 answered
rag v5_E05 answered
rag v5_E06 answered
rag v5_E07 answered
rag v5_E08 answered
rag v5_E09 answered
rag v5_E10 answered
rag v5_E11 answered
rag v5_E12 answered
rag v5_E13 answered
rag v5_E14 answered
rag v5_E15 answered
rag v5_E16 answered
rag v5_E17 answered
rag v5_E18 answered
rag v5_E19 answered
rag v5_E20 answered
rag v5_F01 answered
rag v5_F02 answered
rag v5_F03 answered
rag v5_F04 answered
rag v5_F05 answered
rag v5_F06 answered
rag v5_F07 answered
rag v5_F08 answered
rag v5_F09 answered
rag v5_F10 answered
