=== rag 09:30:39
Loading weights:   0%|          | 0/199 [00:00<?, ?it/s]Loading weights: 100%|██████████| 199/199 [00:00<00:00, 9798.63it/s]
v5_A01 rag ok 8.42 s
v5_A02 rag ok 0.04 s
v5_A03 rag ok 0.04 s
v5_A04 rag ok 0.04 s
v5_A05 rag ok 0.04 s
v5_A06 rag ok 0.04 s
v5_A07 rag ok 0.04 s
v5_A08 rag ok 0.04 s
v5_A09 rag ok 0.04 s
v5_A10 rag ok 0.04 s
v5_A11 rag ok 0.04 s
v5_A12 rag ok 0.04 s
v5_A13 rag ok 0.04 s
v5_A14 rag ok 0.04 s
v5_A15 rag ok 0.04 s
v5_A16 rag ok 0.04 s
v5_A17 rag ok 0.04 s
v5_A18 rag ok 0.03 s
v5_A19 rag ok 0.03 s
v5_A20 rag ok 0.03 s
v5_A21 rag ok 0.04 s
v5_A22 rag ok 0.03 s
v5_A23 rag ok 0.04 s
v5_A24 rag ok 0.04 s
v5_A25 rag ok 0.04 s
v5_B01 rag ok 0.04 s
v5_B02 rag ok 0.05 s
v5_B03 rag ok 0.05 s
v5_B04 rag ok 0.05 s
v5_B05 rag ok 0.03 s
v5_B06 rag ok 0.05 s
v5_B07 rag ok 0.05 s
v5_B08 rag ok 0.04 s
v5_B09 rag ok 0.05 s
v5_B10 rag ok 0.05 s
v5_B11 rag ok 0.04 s
v5_B12 rag ok 0.05 s
v5_B13 rag ok 0.05 s
v5_B14 rag ok 0.05 s
v5_B15 rag ok 0.05 s
v5_B16 rag ok 0.05 s
v5_B17 rag ok 0.05 s
v5_B18 rag ok 0.05 s
v5_B19 rag ok 0.05 s
v5_B20 rag ok 0.05 s
v5_B21 rag ok 0.05 s
v5_B22 rag ok 0.04 s
v5_B23 rag ok 0.04 s
v5_B24 rag ok 0.04 s
v5_B25 rag ok 0.05 s
v5_C01 rag ok 0.04 s
v5_C02 rag ok 0.05 s
v5_C03 rag ok 0.04 s
v5_C04 rag ok 0.03 s
v5_C05 rag ok 0.05 s
v5_C06 rag ok 0.03 s
v5_C07 rag ok 0.04 s
v5_C08 rag ok 0.03 s
v5_C09 rag ok 0.03 s
v5_C10 rag ok 0.05 s
v5_C11 rag ok 0.03 s
v5_C12 rag ok 0.03 s
v5_C13 rag ok 0.05 s
v5_C14 rag ok 0.04 s
v5_C15 rag ok 0.03 s
v5_C16 rag ok 0.03 s
v5_C17 rag ok 0.05 s
v5_C18 rag ok 0.04 s
v5_C19 rag ok 0.03 s
v5_C20 rag ok 0.04 s
v5_D01 rag ok 0.03 s
v5_D02 rag ok 0.03 s
v5_D03 rag ok 0.03 s
v5_D04 rag ok 0.03 s
v5_D05 rag ok 0.03 s
v5_D06 rag ok 0.03 s
v5_D07 rag ok 0.03 s
v5_D08 rag ok 0.04 s
v5_D09 rag ok 0.05 s
v5_D10 rag ok 0.04 s
v5_D11 rag ok 0.03 s
v5_D12 rag ok 0.03 s
v5_D13 rag ok 0.03 s
v5_D14 rag ok 0.03 s
v5_D15 rag ok 0.03 s
v5_D16 rag ok 0.03 s
v5_D17 rag ok 0.03 s
v5_D18 rag ok 0.03 s
v5_D19 rag ok 0.03 s
v5_D20 rag ok 0.03 s
v5_E01 rag ok 0.03 s
v5_E02 rag ok 0.04 s
v5_E03 rag ok 0.04 s
v5_E04 rag ok 0.03 s
v5_E05 rag ok 0.03 s
v5_E06 rag ok 0.03 s
v5_E07 rag ok 0.03 s
v5_E08 rag ok 0.03 s
v5_E09 rag ok 0.03 s
v5_E10 rag ok 0.03 s
v5_E11 rag ok 0.03 s
v5_E12 rag ok 0.03 s
v5_E13 rag ok 0.04 s
v5_E14 rag ok 0.05 s
v5_E15 rag ok 0.03 s
v5_E16 rag ok 0.03 s
v5_E17 rag ok 0.03 s
v5_E18 rag ok 0.03 s
v5_E19 rag ok 0.03 s
v5_E20 rag ok 0.03 s
v5_F01 rag ok 0.05 s
v5_F02 rag ok 0.05 s
v5_F03 rag ok 0.04 s
v5_F04 rag ok 0.04 s
v5_F05 rag ok 0.05 s
v5_F06 rag ok 0.05 s
v5_F07 rag ok 0.05 s
v5_F08 rag ok 0.04 s
v5_F09 rag ok 0.04 s
v5_F10 rag ok 0.05 s
=== ours 09:30:53
v5_A01 sourcedrecall ok 5.95 s
v5_A02 sourcedrecall ok 2.29 s
v5_A03 sourcedrecall ok 2.32 s
v5_A04 sourcedrecall ok 2.14 s
v5_A05 sourcedrecall ok 2.05 s
v5_A06 sourcedrecall ok 2.44 s
v5_A07 sourcedrecall ok 2.37 s
v5_A08 sourcedrecall ok 2.2 s
v5_A09 sourcedrecall ok 2.2 s
v5_A10 sourcedrecall ok 2.78 s
v5_A11 sourcedrecall ok 2.02 s
v5_A12 sourcedrecall ok 1.93 s
v5_A13 sourcedrecall ok 2.83 s
v5_A14 sourcedrecall ok 2.08 s
v5_A15 sourcedrecall ok 2.04 s
v5_A16 sourcedrecall ok 1.96 s
v5_A17 sourcedrecall ok 2.02 s
v5_A18 sourcedrecall ok 2.11 s
v5_A19 sourcedrecall ok 1.82 s
v5_A20 sourcedrecall ok 2.1 s
v5_A21 sourcedrecall ok 2.05 s
v5_A22 sourcedrecall ok 1.94 s
v5_A23 sourcedrecall ok 2.01 s
v5_A24 sourcedrecall ok 1.99 s
v5_A25 sourcedrecall ok 1.98 s
v5_B01 sourcedrecall ok 2.03 s
v5_B02 sourcedrecall ok 1.97 s
v5_B03 sourcedrecall ok 1.87 s
v5_B04 sourcedrecall ok 2.04 s
v5_B05 sourcedrecall ok 1.77 s
v5_B06 sourcedrecall ok 2.07 s
v5_B07 sourcedrecall ok 2.84 s
v5_B08 sourcedrecall ok 1.97 s
v5_B09 sourcedrecall ok 2.02 s
v5_B10 sourcedrecall ok 1.93 s
v5_B11 sourcedrecall ok 1.96 s
v5_B12 sourcedrecall ok 1.96 s
v5_B13 sourcedrecall ok 2.01 s
v5_B14 sourcedrecall ok 1.84 s
v5_B15 sourcedrecall ok 1.79 s
v5_B16 sourcedrecall ok 1.83 s
v5_B17 sourcedrecall ok 2.09 s
v5_B18 sourcedrecall ok 1.96 s
v5_B19 sourcedrecall ok 2.17 s
v5_B20 sourcedrecall ok 1.92 s
v5_B21 sourcedrecall ok 2.1 s
v5_B22 sourcedrecall ok 1.93 s
v5_B23 sourcedrecall ok 1.78 s
v5_B24 sourcedrecall ok 1.9 s
v5_B25 sourcedrecall ok 1.93 s
v5_C01 sourcedrecall ok 1.91 s
v5_C02 sourcedrecall ok 2.04 s
v5_C03 sourcedrecall ok 1.94 s
v5_C04 sourcedrecall ok 1.95 s
v5_C05 sourcedrecall ok 1.89 s
v5_C06 sourcedrecall ok 1.82 s
v5_C07 sourcedrecall ok 1.84 s
v5_C08 sourcedrecall ok 1.79 s
v5_C09 sourcedrecall ok 1.8 s
v5_C10 sourcedrecall ok 1.76 s
v5_C11 sourcedrecall ok 1.83 s
v5_C12 sourcedrecall ok 1.82 s
v5_C13 sourcedrecall ok 1.94 s
v5_C14 sourcedrecall ok 1.98 s
v5_C15 sourcedrecall ok 1.98 s
v5_C16 sourcedrecall ok 1.86 s
v5_C17 sourcedrecall ok 2.46 s
v5_C18 sourcedrecall ok 2.0 s
v5_C19 sourcedrecall ok 1.76 s
v5_C20 sourcedrecall ok 1.73 s
v5_D01 sourcedrecall ok 1.72 s
v5_D02 sourcedrecall ok 1.76 s
v5_D03 sourcedrecall ok 1.78 s
v5_D04 sourcedrecall ok 1.82 s
v5_D05 sourcedrecall ok 1.81 s
v5_D06 sourcedrecall ok 1.72 s
v5_D07 sourcedrecall ok 1.72 s
v5_D08 sourcedrecall ok 2.0 s
v5_D09 sourcedrecall ok 2.05 s
v5_D10 sourcedrecall ok 1.84 s
v5_D11 sourcedrecall ok 1.85 s
v5_D12 sourcedrecall ok 1.85 s
v5_D13 sourcedrecall ok 1.84 s
v5_D14 sourcedrecall ok 1.94 s
v5_D15 sourcedrecall ok 1.82 s
v5_D16 sourcedrecall ok 1.8 s
v5_D17 sourcedrecall ok 1.69 s
v5_D18 sourcedrecall ok 1.98 s
v5_D19 sourcedrecall ok 1.8 s
v5_D20 sourcedrecall ok 1.86 s
v5_E01 sourcedrecall ok 1.76 s
v5_E02 sourcedrecall ok 1.76 s
v5_E03 sourcedrecall ok 2.0 s
v5_E04 sourcedrecall ok 2.1 s
v5_E05 sourcedrecall ok 1.87 s
v5_E06 sourcedrecall ok 1.76 s
v5_E07 sourcedrecall ok 2.09 s
v5_E08 sourcedrecall ok 2.1 s
v5_E09 sourcedrecall ok 2.05 s
v5_E10 sourcedrecall ok 2.26 s
v5_E11 sourcedrecall ok 2.12 s
v5_E12 sourcedrecall ok 2.07 s
v5_E13 sourcedrecall ok 2.11 s
v5_E14 sourcedrecall ok 2.06 s
v5_E15 sourcedrecall ok 2.07 s
v5_E16 sourcedrecall ok 1.93 s
v5_E17 sourcedrecall ok 2.26 s
v5_E18 sourcedrecall ok 2.09 s
v5_E19 sourcedrecall ok 1.98 s
v5_E20 sourcedrecall ok 2.09 s
v5_F01 sourcedrecall ok 2.56 s
v5_F02 sourcedrecall ok 2.97 s
v5_F03 sourcedrecall ok 2.11 s
v5_F04 sourcedrecall ok 1.9 s
v5_F05 sourcedrecall ok 1.86 s
v5_F06 sourcedrecall ok 1.98 s
v5_F07 sourcedrecall ok 1.95 s
v5_F08 sourcedrecall ok 2.05 s
v5_F09 sourcedrecall ok 2.02 s
v5_F10 sourcedrecall ok 1.91 s
